Component: Arm Compiler for Embedded 6.22 Tool: armlink [5ee90200]

==============================================================================

Section Cross References

    startup_stm32f429xx.o(STACK) refers (Special) to heapauxi.o(.text) for __use_two_region_memory
    startup_stm32f429xx.o(HEAP) refers (Special) to heapauxi.o(.text) for __use_two_region_memory
    startup_stm32f429xx.o(RESET) refers (Special) to heapauxi.o(.text) for __use_two_region_memory
    startup_stm32f429xx.o(RESET) refers to startup_stm32f429xx.o(STACK) for __initial_sp
    startup_stm32f429xx.o(RESET) refers to startup_stm32f429xx.o(.text) for Reset_Handler
    startup_stm32f429xx.o(RESET) refers to stm32f4xx_it.o(.text.NMI_Handler) for NMI_Handler
    startup_stm32f429xx.o(RESET) refers to stm32f4xx_it.o(.text.HardFault_Handler) for HardFault_Handler
    startup_stm32f429xx.o(RESET) refers to stm32f4xx_it.o(.text.MemManage_Handler) for MemManage_Handler
    startup_stm32f429xx.o(RESET) refers to stm32f4xx_it.o(.text.BusFault_Handler) for BusFault_Handler
    startup_stm32f429xx.o(RESET) refers to stm32f4xx_it.o(.text.UsageFault_Handler) for UsageFault_Handler
    startup_stm32f429xx.o(RESET) refers to stm32f4xx_it.o(.text.SVC_Handler) for SVC_Handler
    startup_stm32f429xx.o(RESET) refers to stm32f4xx_it.o(.text.DebugMon_Handler) for DebugMon_Handler
    startup_stm32f429xx.o(RESET) refers to stm32f4xx_it.o(.text.PendSV_Handler) for PendSV_Handler
    startup_stm32f429xx.o(RESET) refers to stm32f4xx_it.o(.text.SysTick_Handler) for SysTick_Handler
    startup_stm32f429xx.o(RESET) refers to stm32f4xx_it.o(.text.TIM1_UP_TIM10_IRQHandler) for TIM1_UP_TIM10_IRQHandler
    startup_stm32f429xx.o(RESET) refers to stm32f4xx_it.o(.text.TIM2_IRQHandler) for TIM2_IRQHandler
    startup_stm32f429xx.o(RESET) refers to stm32f4xx_it.o(.text.UART5_IRQHandler) for UART5_IRQHandler
    startup_stm32f429xx.o(RESET) refers to stm32f4xx_it.o(.text.TIM6_DAC_IRQHandler) for TIM6_DAC_IRQHandler
    startup_stm32f429xx.o(RESET) refers to stm32f4xx_it.o(.text.DMA2_Stream0_IRQHandler) for DMA2_Stream0_IRQHandler
    startup_stm32f429xx.o(RESET) refers to stm32f4xx_it.o(.text.UART7_IRQHandler) for UART7_IRQHandler
    startup_stm32f429xx.o(RESET) refers to stm32f4xx_it.o(.text.DMA2D_IRQHandler) for DMA2D_IRQHandler
    startup_stm32f429xx.o(.text) refers (Special) to heapauxi.o(.text) for __use_two_region_memory
    startup_stm32f429xx.o(.text) refers to system_stm32f4xx.o(.text.SystemInit) for SystemInit
    startup_stm32f429xx.o(.text) refers to __main.o(!!!main) for __main
    startup_stm32f429xx.o(.text) refers to startup_stm32f429xx.o(HEAP) for Heap_Mem
    startup_stm32f429xx.o(.text) refers to startup_stm32f429xx.o(STACK) for Stack_Mem
    force_sensor.o(.ARM.exidx.text.getForceReading) refers to force_sensor.o(.text.getForceReading) for [Anonymous Symbol]
    gripper_control.o(.text.initGripper) refers to h1_alloc.o(.text) for malloc
    gripper_control.o(.ARM.exidx.text.initGripper) refers to gripper_control.o(.text.initGripper) for [Anonymous Symbol]
    gripper_control.o(.text.openGripper) refers to force_sensor.o(.text.getForceReading) for getForceReading
    gripper_control.o(.text.openGripper) refers to stm32f4xx_hal.o(.text.HAL_Delay) for HAL_Delay
    gripper_control.o(.text.openGripper) refers to servo_motor.o(.text.setMotorPosition) for setMotorPosition
    gripper_control.o(.ARM.exidx.text.openGripper) refers to gripper_control.o(.text.openGripper) for [Anonymous Symbol]
    gripper_control.o(.text.closeGripper) refers to force_sensor.o(.text.getForceReading) for getForceReading
    gripper_control.o(.text.closeGripper) refers to stm32f4xx_hal.o(.text.HAL_Delay) for HAL_Delay
    gripper_control.o(.text.closeGripper) refers to servo_motor.o(.text.setMotorPosition) for setMotorPosition
    gripper_control.o(.ARM.exidx.text.closeGripper) refers to gripper_control.o(.text.closeGripper) for [Anonymous Symbol]
    servo_motor.o(.ARM.exidx.text.getMotorPosition) refers to servo_motor.o(.text.getMotorPosition) for [Anonymous Symbol]
    servo_motor.o(.text.setMotorPosition) refers to dflt_clz.o(x$fpl$dflt) for __aeabi_i2d
    servo_motor.o(.text.setMotorPosition) refers to dmul.o(x$fpl$dmul) for __aeabi_dmul
    servo_motor.o(.text.setMotorPosition) refers to daddsub_clz.o(x$fpl$dadd) for __aeabi_dadd
    servo_motor.o(.text.setMotorPosition) refers to dfix.o(x$fpl$dfix) for __aeabi_d2iz
    servo_motor.o(.ARM.exidx.text.setMotorPosition) refers to servo_motor.o(.text.setMotorPosition) for [Anonymous Symbol]
    main.o(.text.main) refers to stm32f4xx_hal.o(.text.HAL_Init) for HAL_Init
    main.o(.text.main) refers to main.o(.text.SystemClock_Config) for SystemClock_Config
    main.o(.text.main) refers to stm32f4xx_hal_gpio.o(.text.HAL_GPIO_WritePin) for HAL_GPIO_WritePin
    main.o(.text.main) refers to stm32f4xx_hal_gpio.o(.text.HAL_GPIO_Init) for HAL_GPIO_Init
[...]
    [Anonymous Symbol]                       0x08002d8c   Section        0  stm32f4xx_hal_msp.o(.text.HAL_UART_MspInit)
    [Anonymous Symbol]                       0x08002ea0   Section        0  stm32f4xx_hal_uart.o(.text.HAL_UART_Receive_IT)
    [Anonymous Symbol]                       0x08002ef4   Section        0  main.o(.text.HAL_UART_RxCpltCallback)
    [Anonymous Symbol]                       0x08002f34   Section        0  stm32f4xx_hal_uart.o(.text.HAL_UART_Transmit_IT)
    [Anonymous Symbol]                       0x08002f74   Section        0  stm32f4xx_hal_uart.o(.text.HAL_UART_TxCpltCallback)
    [Anonymous Symbol]                       0x08002f78   Section        0  stm32f4xx_it.o(.text.HardFault_Handler)
    [Anonymous Symbol]                       0x08002f7c   Section        0  stm32f4xx_it.o(.text.MemManage_Handler)
    [Anonymous Symbol]                       0x08002f80   Section        0  stm32f4xx_it.o(.text.NMI_Handler)
    [Anonymous Symbol]                       0x08002f84   Section        0  stm32f4xx_it.o(.text.PendSV_Handler)
    [Anonymous Symbol]                       0x08002f88   Section        0  stm32f4xx_it.o(.text.SVC_Handler)
    [Anonymous Symbol]                       0x08002f8c   Section        0  stm32f4xx_it.o(.text.SysTick_Handler)
    [Anonymous Symbol]                       0x08002f90   Section        0  main.o(.text.SystemClock_Config)
    [Anonymous Symbol]                       0x08003038   Section        0  system_stm32f4xx.o(.text.SystemInit)
    [Anonymous Symbol]                       0x0800304c   Section        0  stm32f4xx_it.o(.text.TIM1_UP_TIM10_IRQHandler)
    [Anonymous Symbol]                       0x08003058   Section        0  stm32f4xx_it.o(.text.TIM2_IRQHandler)
    [Anonymous Symbol]                       0x08003064   Section        0  stm32f4xx_it.o(.text.TIM6_DAC_IRQHandler)
    [Anonymous Symbol]                       0x08003070   Section        0  stm32f4xx_hal_tim.o(.text.TIM_Base_SetConfig)
    [Anonymous Symbol]                       0x080031b4   Section        0  stm32f4xx_it.o(.text.UART5_IRQHandler)
    [Anonymous Symbol]                       0x080031c0   Section        0  stm32f4xx_it.o(.text.UART7_IRQHandler)
    UART_DMAAbortOnError                     0x080031cd   Thumb Code    12  stm32f4xx_hal_uart.o(.text.UART_DMAAbortOnError)
    [Anonymous Symbol]                       0x080031cc   Section        0  stm32f4xx_hal_uart.o(.text.UART_DMAAbortOnError)
    UART_Receive_IT                          0x080031d9   Thumb Code   254  stm32f4xx_hal_uart.o(.text.UART_Receive_IT)
    [Anonymous Symbol]                       0x080031d8   Section        0  stm32f4xx_hal_uart.o(.text.UART_Receive_IT)
    UART_SetConfig                           0x080032d9   Thumb Code   230  stm32f4xx_hal_uart.o(.text.UART_SetConfig)
    [Anonymous Symbol]                       0x080032d8   Section        0  stm32f4xx_hal_uart.o(.text.UART_SetConfig)
    [Anonymous Symbol]                       0x080033c0   Section        0  stm32f4xx_it.o(.text.UsageFault_Handler)
    [Anonymous Symbol]                       0x080033c4   Section        0  gripper_control.o(.text.closeGripper)
    [Anonymous Symbol]                       0x08003430   Section        0  uart_pi.o(.text.getData)
    [Anonymous Symbol]                       0x08003444   Section        0  force_sensor.o(.text.getForceReading)
    [Anonymous Symbol]                       0x0800344c   Section        0  base_control.o(.text.initBase)
    [Anonymous Symbol]                       0x08003454   Section        0  gripper_control.o(.text.initGripper)
    [Anonymous Symbol]                       0x0800347c   Section        0  joint_control.o(.text.initJoints)
    [Anonymous Symbol]                       0x080034bc   Section        0  robotic_arm.o(.text.initSystem)
    [Anonymous Symbol]                       0x08003540   Section        0  uart_pi.o(.text.initUART)
    [Anonymous Symbol]                       0x0800354c   Section        0  uart_pi.o(.text.isDataUpdated)
    [Anonymous Symbol]                       0x08003550   Section        0  main.o(.text.main)
    [Anonymous Symbol]                       0x08003d38   Section        0  base_control.o(.text.moveBase)
    [Anonymous Symbol]                       0x08003d80   Section        0  base_control.o(.text.moveBaseSweep)
    [Anonymous Symbol]                       0x08003dc0   Section        0  joint_control.o(.text.moveGripper)
    [Anonymous Symbol]                       0x08004090   Section        0  gripper_control.o(.text.openGripper)
    [Anonymous Symbol]                       0x08004104   Section        0  robotic_arm.o(.text.runState)
    [Anonymous Symbol]                       0x080041e8   Section        0  uart_pi.o(.text.sendData)
    [Anonymous Symbol]                       0x08004200   Section        0  servo_motor.o(.text.setMotorPosition)
    [Anonymous Symbol]                       0x08004260   Section        0  robotic_arm.o(.text.updateState)
    i.__ARM_fpclassify                       0x08004284   Section        0  fpclassify.o(i.__ARM_fpclassify)
    i.__hardfp_atan                          0x080042b8   Section        0  atan.o(i.__hardfp_atan)
    i.__hardfp_atan2                         0x08004590   Section        0  atan2.o(i.__hardfp_atan2)
    i.__hardfp_cos                           0x08004790   Section        0  cos.o(i.__hardfp_cos)
    i.__hardfp_sin                           0x08004858   Section        0  sin.o(i.__hardfp_sin)
    i.__hardfp_sqrt                          0x08004920   Section        0  sqrt.o(i.__hardfp_sqrt)
    i.__ieee754_rem_pio2                     0x080049a0   Section        0  rred.o(i.__ieee754_rem_pio2)
    i.__kernel_cos                           0x08004dd8   Section        0  cos_i.o(i.__kernel_cos)
    i.__kernel_poly                          0x08004f48   Section        0  poly.o(i.__kernel_poly)
    i.__kernel_sin                           0x08005040   Section        0  sin_i.o(i.__kernel_sin)
    i.__mathlib_dbl_infnan                   0x08005170   Section        0  dunder.o(i.__mathlib_dbl_infnan)
    i.__mathlib_dbl_infnan2                  0x08005184   Section        0  dunder.o(i.__mathlib_dbl_infnan2)
    i.__mathlib_dbl_invalid                  0x08005198   Section        0  dunder.o(i.__mathlib_dbl_invalid)
    i.__mathlib_dbl_underflow                0x080051b8   Section        0  dunder.o(i.__mathlib_dbl_underflow)
    i.atan                                   0x080051d8   Section        0  atan.o(i.atan)
    i.fabs                                   0x080051e8   Section        0  fabs.o(i.fabs)
    $v0                                      0x08005200   Number         0  basic.o(x$fpl$basic)
    x$fpl$basic                              0x08005200   Section       24  basic.o(x$fpl$basic)
    $v0                                      0x08005218   Number         0  daddsub_clz.o(x$fpl$dadd)
    x$fpl$dadd                               0x08005218   Section      336  daddsub_clz.o(x$fpl$dadd)
    _dadd1                                   0x08005229   Thumb Code     0  daddsub_clz.o(x$fpl$dadd)
    $v0                                      0x08005368   Number         0  dcmpi.o(x$fpl$dcmpinf)
    x$fpl$dcmpinf                            0x08005368   Section       24  dcmpi.o(x$fpl$dcmpinf)
    $v0                                      0x08005380   Number         0  ddiv.o(x$fpl$ddiv)
    x$fpl$ddiv                               0x08005380   Section      696  ddiv.o(x$fpl$ddiv)
    ddiv_entry                               0x08005387   Thumb Code     0  ddiv.o(x$fpl$ddiv)
    $v0                                      0x08005638   Number         0  deqf.o(x$fpl$deqf)
    x$fpl$deqf                               0x08005638   Section      120  deqf.o(x$fpl$deqf)
    $v0                                      0x080056b0   Number         0  dfix.o(x$fpl$dfix)
    x$fpl$dfix                               0x080056b0   Section       94  dfix.o(x$fpl$dfix)
    $v0                                      0x0800570e   Number         0  dflt_clz.o(x$fpl$dflt)
    x$fpl$dflt                               0x0800570e   Section       46  dflt_clz.o(x$fpl$dflt)
    $v0                                      0x0800573c   Number         0  dflt_clz.o(x$fpl$dfltu)
    x$fpl$dfltu                              0x0800573c   Section       38  dflt_clz.o(x$fpl$dfltu)
    $v0                                      0x08005764   Number         0  dmul.o(x$fpl$dmul)
    x$fpl$dmul                               0x08005764   Section      340  dmul.o(x$fpl$dmul)
    $v0                                      0x080058b8   Number         0  dnaninf.o(x$fpl$dnaninf)
    x$fpl$dnaninf                            0x080058b8   Section      156  dnaninf.o(x$fpl$dnaninf)
    $v0                                      0x08005954   Number         0  dretinf.o(x$fpl$dretinf)
    x$fpl$dretinf                            0x08005954   Section       12  dretinf.o(x$fpl$dretinf)
    $v0                                      0x08005960   Number         0  daddsub_clz.o(x$fpl$drsb)
    x$fpl$drsb                               0x08005960   Section       22  daddsub_clz.o(x$fpl$drsb)
    $v0                                      0x08005978   Number         0  dsqrt_umaal.o(x$fpl$dsqrt)
    x$fpl$dsqrt                              0x08005978   Section      408  dsqrt_umaal.o(x$fpl$dsqrt)
    $v0                                      0x08005b10   Number         0  daddsub_clz.o(x$fpl$dsub)
    x$fpl$dsub                               0x08005b10   Section      476  daddsub_clz.o(x$fpl$dsub)
    _dsub1                                   0x08005b21   Thumb Code     0  daddsub_clz.o(x$fpl$dsub)
    $v0                                      0x08005cec   Number         0  fpinit.o(x$fpl$fpinit)
    x$fpl$fpinit                             0x08005cec   Section       26  fpinit.o(x$fpl$fpinit)
    x$fpl$usenofp                            0x08005d06   Section        0  usenofp.o(x$fpl$usenofp)
    atanhi                                   0x08005d08   Data          32  atan.o(.constdata)
    .constdata                               0x08005d08   Section      152  atan.o(.constdata)
    atanlo                                   0x08005d28   Data          32  atan.o(.constdata)
    aTodd                                    0x08005d48   Data          40  atan.o(.constdata)
    aTeven                                   0x08005d70   Data          48  atan.o(.constdata)
    C                                        0x08005da0   Data          48  cos_i.o(.constdata)
    .constdata                               0x08005da0   Section       48  cos_i.o(.constdata)
    .constdata                               0x08005dd0   Section        8  qnan.o(.constdata)
    pio2s                                    0x08005dd8   Data          48  rred.o(.constdata)
    .constdata                               0x08005dd8   Section      204  rred.o(.constdata)
    twooverpi                                0x08005e08   Data         156  rred.o(.constdata)
    S                                        0x08005ea8   Data          40  sin_i.o(.constdata)
    .constdata                               0x08005ea8   Section       40  sin_i.o(.constdata)
    DMA_CalcBaseAndBitshift.flagBitshiftOffset 0x08005ee8   Data           8  stm32f4xx_hal_dma.o(.rodata.cst8)
    [Anonymous Symbol]                       0x08005ee8   Section        0  stm32f4xx_hal_dma.o(.rodata.cst8)
    .L_MergedGlobals                         0x20000000   Data           8  stm32f4xx_hal.o(.data..L_MergedGlobals)
    [Anonymous Symbol]                       0x20000000   Section        0  stm32f4xx_hal.o(.data..L_MergedGlobals)
    .bss                                     0x20000010   Section       96  libspace.o(.bss)
    .L_MergedGlobals                         0x20000070   Data          88  main.o(.bss..L_MergedGlobals)
    [Anonymous Symbol]                       0x20000070   Section        0  main.o(.bss..L_MergedGlobals)
    base_speed                               0x200000c8   Data           4  base_control.o(.bss.base_speed)
    [Anonymous Symbol]                       0x200000c8   Section        0  base_control.o(.bss.base_speed)
    Heap_Mem                                 0x200002e0   Data         512  startup_stm32f429xx.o(HEAP)
    HEAP                                     0x200002e0   Section      512  startup_stm32f429xx.o(HEAP)
    Stack_Mem                                0x200004e0   Data        1024  startup_stm32f429xx.o(STACK)
    STACK                                    0x200004e0   Section     1024  startup_stm32f429xx.o(STACK)
    __initial_sp                             0x200008e0   Data           0  startup_stm32f429xx.o(STACK)

    Global Symbols

    Symbol Name                              Value     Ov Type        Size  Object(Section)

    BuildAttributes$$THM_ISAv4$E$P$D$K$B$S$7EM$VFPi3$EXTD16$VFPS$VFMA$PE$A:L22UL41UL21$X:L11$S22US41US21$IEEE1$IW$~IW$USESV6$~STKCKD$USESV7$~SHL$OTIME$ROPI$IEEEX$EBA8$UX$STANDARDLIB$REQ8$PRES8$EABIv2 0x00000000   Number         0  anon$$obj.o ABSOLUTE
    __ARM_exceptions_init                     - Undefined Weak Reference
    __alloca_initialize                       - Undefined Weak Reference
    __arm_preinit_                            - Undefined Weak Reference
    __arm_relocate_pie_                       - Undefined Weak Reference
    __cpp_initialize__aeabi_                  - Undefined Weak Reference
    __cxa_finalize                            - Undefined Weak Reference
    __rt_locale                               - Undefined Weak Reference
    __sigvec_lookup                           - Undefined Weak Reference
    __user_heap_extent                        - Undefined Weak Reference
    _atexit_init                              - Undefined Weak Reference
    _call_atexit_fns                          - Undefined Weak Reference
    _clock_init                               - Undefined Weak Reference
    _fp_trap_init                             - Undefined Weak Reference
    _fp_trap_shutdown                         - Undefined Weak Reference
    _get_lc_collate                           - Undefined Weak Reference
    _get_lc_ctype                             - Undefined Weak Reference
    _get_lc_monetary                          - Undefined Weak Reference
    _get_lc_numeric                           - Undefined Weak Reference
    _get_lc_time                              - Undefined Weak Reference
    _getenv_init                              - Undefined Weak Reference
    _handle_redirection                       - Undefined Weak Reference
    _initio                                   - Undefined Weak Reference
    _mutex_acquire                            - Undefined Weak Reference
    _mutex_free                               - Undefined Weak Reference
    _mutex_release                            - Undefined Weak Reference
    _rand_init                                - Undefined Weak Reference
    _signal_finish                            - Undefined Weak Reference
    _signal_init                              - Undefined Weak Reference
    _terminateio                              - Undefined Weak Reference
    __Vectors_Size                           0x000001ac   Number         0  startup_stm32f429xx.o ABSOLUTE
    __Vectors                                0x08000000   Data           4  startup_stm32f429xx.o(RESET)
    __Vectors_End                            0x080001ac   Data           0  startup_stm32f429xx.o(RESET)
    __main                                   0x080001ad   Thumb Code     8  __main.o(!!!main)
    __scatterload                            0x080001b5   Thumb Code     0  __scatter.o(!!!scatter)
    __scatterload_rt2                        0x080001b5   Thumb Code    84  __scatter.o(!!!scatter)
    __scatterload_rt2_thumb_only             0x080001b5   Thumb Code     0  __scatter.o(!!!scatter)
    __scatterload_loop                       0x080001bf   Thumb Code     0  __scatter.o(!!!scatter)
    __scatterload_copy                       0x08000211   Thumb Code    26  __scatter_copy.o(!!handler_copy)
    __scatterload_null                       0x0800022d   Thumb Code     2  __scatter.o(!!handler_null)
    __scatterload_zeroinit                   0x08000231   Thumb Code    28  __scatter_zi.o(!!handler_zi)
    __rt_lib_init                            0x0800024d   Thumb Code     0  libinit.o(.ARM.Collect$$libinit$$00000000)
    __rt_lib_init_fp_1                       0x0800024f   Thumb Code     0  libinit2.o(.ARM.Collect$$libinit$$00000001)
    __rt_lib_init_heap_2                     0x08000253   Thumb Code     0  libinit2.o(.ARM.Collect$$libinit$$00000007)
    __rt_lib_init_preinit_1                  0x08000253   Thumb Code     0  libinit2.o(.ARM.Collect$$libinit$$00000006)
    __rt_lib_init_relocate_pie_1             0x08000253   Thumb Code     0  libinit2.o(.ARM.Collect$$libinit$$00000004)
    __rt_lib_init_alloca_1                   0x0800025b   Thumb Code     0  libinit2.o(.ARM.Collect$$libinit$$00000030)
    __rt_lib_init_argv_1                     0x0800025b   Thumb Code     0  libinit2.o(.ARM.Collect$$libinit$$0000002E)
    __rt_lib_init_atexit_1                   0x0800025b   Thumb Code     0  libinit2.o(.ARM.Collect$$libinit$$0000001D)
    __rt_lib_init_clock_1                    0x0800025b   Thumb Code     0  libinit2.o(.ARM.Collect$$libinit$$00000023)
    __rt_lib_init_cpp_1                      0x0800025b   Thumb Code     0  libinit2.o(.ARM.Collect$$libinit$$00000034)
    __rt_lib_init_exceptions_1               0x0800025b   Thumb Code     0  libinit2.o(.ARM.Collect$$libinit$$00000032)
    __rt_lib_init_fp_trap_1                  0x0800025b   Thumb Code     0  libinit2.o(.ARM.Collect$$libinit$$00000021)
    __rt_lib_init_getenv_1                   0x0800025b   Thumb Code     0  libinit2.o(.ARM.Collect$$libinit$$00000025)
    __rt_lib_init_heap_1                     0x0800025b   Thumb Code     0  libinit2.o(.ARM.Collect$$libinit$$0000000C)
    __rt_lib_init_lc_collate_1               0x0800025b   Thumb Code     0  libinit2.o(.ARM.Collect$$libinit$$00000013)
    __rt_lib_init_lc_ctype_1                 0x0800025b   Thumb Code     0  libinit2.o(.ARM.Collect$$libinit$$00000015)
    __rt_lib_init_lc_monetary_1              0x0800025b   Thumb Code     0  libinit2.o(.ARM.Collect$$libinit$$00000017)
    __rt_lib_init_lc_numeric_1               0x0800025b   Thumb Code     0  libinit2.o(.ARM.Collect$$libinit$$00000019)
    __rt_lib_init_lc_time_1                  0x0800025b   Thumb Code     0  libinit2.o(.ARM.Collect$$libinit$$0000001B)
    __rt_lib_init_rand_1                     0x0800025b   Thumb Code     0  libinit2.o(.ARM.Collect$$libinit$$00000010)
    __rt_lib_init_return                     0x0800025b   Thumb Code     0  libinit2.o(.ARM.Collect$$libinit$$00000035)
    __rt_lib_init_signal_1                   0x0800025b   Thumb Code     0  libinit2.o(.ARM.Collect$$libinit$$0000001F)
    __rt_lib_init_stdio_1                    0x0800025b   Thumb Code     0  libinit2.o(.ARM.Collect$$libinit$$00000027)
    __rt_lib_init_user_alloc_1               0x0800025b   Thumb Code     0  libinit2.o(.ARM.Collect$$libinit$$0000000E)
    __rt_lib_shutdown                        0x0800025d   Thumb Code     0  libshutdown.o(.ARM.Collect$$libshutdown$$00000000)
    __rt_lib_shutdown_cpp_1                  0x0800025f   Thumb Code     0  libshutdown2.o(.ARM.Collect$$libshutdown$$00000002)
    __rt_lib_shutdown_fp_trap_1              0x0800025f   Thumb Code     0  libshutdown2.o(.ARM.Collect$$libshutdown$$00000007)
    __rt_lib_shutdown_heap_1                 0x0800025f   Thumb Code     0  libshutdown2.o(.ARM.Collect$$libshutdown$$0000000F)
    __rt_lib_shutdown_return                 0x0800025f   Thumb Code     0  libshutdown2.o(.ARM.Collect$$libshutdown$$00000010)
    __rt_lib_shutdown_signal_1               0x0800025f   Thumb Code     0  libshutdown2.o(.ARM.Collect$$libshutdown$$0000000A)
    __rt_lib_shutdown_stdio_1                0x0800025f   Thumb Code     0  libshutdown2.o(.ARM.Collect$$libshutdown$$00000004)
    __rt_lib_shutdown_user_alloc_1           0x0800025f   Thumb Code     0  libshutdown2.o(.ARM.Collect$$libshutdown$$0000000C)
    __rt_entry                               0x08000261   Thumb Code     0  __rtentry.o(.ARM.Collect$$rtentry$$00000000)
    __rt_entry_presh_1                       0x08000261   Thumb Code     0  __rtentry2.o(.ARM.Collect$$rtentry$$00000002)
    __rt_entry_sh                            0x08000261   Thumb Code     0  __rtentry4.o(.ARM.Collect$$rtentry$$00000004)
    __rt_entry_li                            0x08000267   Thumb Code     0  __rtentry2.o(.ARM.Collect$$rtentry$$0000000A)
    __rt_entry_postsh_1                      0x08000267   Thumb Code     0  __rtentry2.o(.ARM.Collect$$rtentry$$00000009)
    __rt_entry_main                          0x0800026b   Thumb Code     0  __rtentry2.o(.ARM.Collect$$rtentry$$0000000D)
    __rt_entry_postli_1                      0x0800026b   Thumb Code     0  __rtentry2.o(.ARM.Collect$$rtentry$$0000000C)
    __rt_exit                                0x08000273   Thumb Code     0  rtexit.o(.ARM.Collect$$rtexit$$00000000)
    __rt_exit_ls                             0x08000275   Thumb Code     0  rtexit2.o(.ARM.Collect$$rtexit$$00000003)
    __rt_exit_prels_1                        0x08000275   Thumb Code     0  rtexit2.o(.ARM.Collect$$rtexit$$00000002)
    __rt_exit_exit                           0x08000279   Thumb Code     0  rtexit2.o(.ARM.Collect$$rtexit$$00000004)
    Reset_Handler                            0x08000281   Thumb Code     8  startup_stm32f429xx.o(.text)
    ADC_IRQHandler                           0x0800029b   Thumb Code     0  startup_stm32f429xx.o(.text)
    CAN1_RX0_IRQHandler                      0x0800029b   Thumb Code     0  startup_stm32f429xx.o(.text)
    CAN1_RX1_IRQHandler                      0x0800029b   Thumb Code     0  startup_stm32f429xx.o(.text)
    CAN1_SCE_IRQHandler                      0x0800029b   Thumb Code     0  startup_stm32f429xx.o(.text)
    CAN1_TX_IRQHandler                       0x0800029b   Thumb Code     0  startup_stm32f429xx.o(.text)
    CAN2_RX0_IRQHandler                      0x0800029b   Thumb Code     0  startup_stm32f429xx.o(.text)
    CAN2_RX1_IRQHandler                      0x0800029b   Thumb Code     0  startup_stm32f429xx.o(.text)
    CAN2_SCE_IRQHandler                      0x0800029b   Thumb Code     0  startup_stm32f429xx.o(.text)
    CAN2_TX_IRQHandler                       0x0800029b   Thumb Code     0  startup_stm32f429xx.o(.text)
    DCMI_IRQHandler                          0x0800029b   Thumb Code     0  startup_stm32f429xx.o(.text)
    DMA1_Stream0_IRQHandler                  0x0800029b   Thumb Code     0  startup_stm32f429xx.o(.text)
    DMA1_Stream1_IRQHandler                  0x0800029b   Thumb Code     0  startup_stm32f429xx.o(.text)
    DMA1_Stream2_IRQHandler                  0x0800029b   Thumb Code     0  startup_stm32f429xx.o(.text)
    DMA1_Stream3_IRQHandler                  0x0800029b   Thumb Code     0  startup_stm32f429xx.o(.text)
    DMA1_Stream4_IRQHandler                  0x0800029b   Thumb Code     0  startup_stm32f429xx.o(.text)
    DMA1_Stream5_IRQHandler                  0x0800029b   Thumb Code     0  startup_stm32f429xx.o(.text)
    DMA1_Stream6_IRQHandler                  0x0800029b   Thumb Code     0  startup_stm32f429xx.o(.text)
    DMA1_Stream7_IRQHandler                  0x0800029b   Thumb Code     0  startup_stm32f429xx.o(.text)
    DMA2_Stream1_IRQHandler                  0x0800029b   Thumb Code     0  startup_stm32f429xx.o(.text)
    DMA2_Stream2_IRQHandler                  0x0800029b   Thumb Code     0  startup_stm32f429xx.o(.text)
    DMA2_Stream3_IRQHandler                  0x0800029b   Thumb Code     0  startup_stm32f429xx.o(.text)
    DMA2_Stream4_IRQHandler                  0x0800029b   Thumb Code     0  startup_stm32f429xx.o(.text)
    DMA2_Stream5_IRQHandler                  0x0800029b   Thumb Code     0  startup_stm32f429xx.o(.text)
    DMA2_Stream6_IRQHandler                  0x0800029b   Thumb Code     0  startup_stm32f429xx.o(.text)
    DMA2_Stream7_IRQHandler                  0x0800029b   Thumb Code     0  startup_stm32f429xx.o(.text)
    ETH_IRQHandler                           0x0800029b   Thumb Code     0  startup_stm32f429xx.o(.text)
    ETH_WKUP_IRQHandler                      0x0800029b   Thumb Code     0  startup_stm32f429xx.o(.text)
    EXTI0_IRQHandler                         0x0800029b   Thumb Code     0  startup_stm32f429xx.o(.text)
    EXTI15_10_IRQHandler                     0x0800029b   Thumb Code     0  startup_stm32f429xx.o(.text)
    EXTI1_IRQHandler                         0x0800029b   Thumb Code     0  startup_stm32f429xx.o(.text)
    EXTI2_IRQHandler                         0x0800029b   Thumb Code     0  startup_stm32f429xx.o(.text)
    EXTI3_IRQHandler                         0x0800029b   Thumb Code     0  startup_stm32f429xx.o(.text)
    EXTI4_IRQHandler                         0x0800029b   Thumb Code     0  startup_stm32f429xx.o(.text)
    EXTI9_5_IRQHandler                       0x0800029b   Thumb Code     0  startup_stm32f429xx.o(.text)
    FLASH_IRQHandler                         0x0800029b   Thumb Code     0  startup_stm32f429xx.o(.text)
    FMC_IRQHandler                           0x0800029b   Thumb Code     0  startup_stm32f429xx.o(.text)
    FPU_IRQHandler                           0x0800029b   Thumb Code     0  startup_stm32f429xx.o(.text)
    HASH_RNG_IRQHandler                      0x0800029b   Thumb Code     0  startup_stm32f429xx.o(.text)
    I2C1_ER_IRQHandler                       0x0800029b   Thumb Code     0  startup_stm32f429xx.o(.text)
    I2C1_EV_IRQHandler                       0x0800029b   Thumb Code     0  startup_stm32f429xx.o(.text)
    I2C2_ER_IRQHandler                       0x0800029b   Thumb Code     0  startup_stm32f429xx.o(.text)
    I2C2_EV_IRQHandler                       0x0800029b   Thumb Code     0  startup_stm32f429xx.o(.text)
    I2C3_ER_IRQHandler                       0x0800029b   Thumb Code     0  startup_stm32f429xx.o(.text)
    I2C3_EV_IRQHandler                       0x0800029b   Thumb Code     0  startup_stm32f429xx.o(.text)
    LTDC_ER_IRQHandler                       0x0800029b   Thumb Code     0  startup_stm32f429xx.o(.text)
    LTDC_IRQHandler                          0x0800029b   Thumb Code     0  startup_stm32f429xx.o(.text)
    OTG_FS_IRQHandler                        0x0800029b   Thumb Code     0  startup_stm32f429xx.o(.text)
    OTG_FS_WKUP_IRQHandler                   0x0800029b   Thumb Code     0  startup_stm32f429xx.o(.text)
    OTG_HS_EP1_IN_IRQHandler                 0x0800029b   Thumb Code     0  startup_stm32f429xx.o(.text)
    OTG_HS_EP1_OUT_IRQHandler                0x0800029b   Thumb Code     0  startup_stm32f429xx.o(.text)
    OTG_HS_IRQHandler                        0x0800029b   Thumb Code     0  startup_stm32f429xx.o(.text)
    OTG_HS_WKUP_IRQHandler                   0x0800029b   Thumb Code     0  startup_stm32f429xx.o(.text)
    PVD_IRQHandler                           0x0800029b   Thumb Code     0  startup_stm32f429xx.o(.text)
    RCC_IRQHandler                           0x0800029b   Thumb Code     0  startup_stm32f429xx.o(.text)
    RTC_Alarm_IRQHandler                     0x0800029b   Thumb Code     0  startup_stm32f429xx.o(.text)
    RTC_WKUP_IRQHandler                      0x0800029b   Thumb Code     0  startup_stm32f429xx.o(.text)
    SAI1_IRQHandler                          0x0800029b   Thumb Code     0  startup_stm32f429xx.o(.text)
    SDIO_IRQHandler                          0x0800029b   Thumb Code     0  startup_stm32f429xx.o(.text)
    SPI1_IRQHandler                          0x0800029b   Thumb Code     0  startup_stm32f429xx.o(.text)
    SPI2_IRQHandler                          0x0800029b   Thumb Code     0  startup_stm32f429xx.o(.text)
    SPI3_IRQHandler                          0x0800029b   Thumb Code     0  startup_stm32f429xx.o(.text)
    SPI4_IRQHandler                          0x0800029b   Thumb Code     0  startup_stm32f429xx.o(.text)
    SPI5_IRQHandler                          0x0800029b   Thumb Code     0  startup_stm32f429xx.o(.text)
    SPI6_IRQHandler                          0x0800029b   Thumb Code     0  startup_stm32f429xx.o(.text)
    TAMP_STAMP_IRQHandler                    0x0800029b   Thumb Code     0  startup_stm32f429xx.o(.text)
    TIM1_BRK_TIM9_IRQHandler                 0x0800029b   Thumb Code     0  startup_stm32f429xx.o(.text)
    TIM1_CC_IRQHandler                       0x0800029b   Thumb Code     0  startup_stm32f429xx.o(.text)
    TIM1_TRG_COM_TIM11_IRQHandler            0x0800029b   Thumb Code     0  startup_stm32f429xx.o(.text)
    TIM3_IRQHandler                          0x0800029b   Thumb Code     0  startup_stm32f429xx.o(.text)
    TIM4_IRQHandler                          0x0800029b   Thumb Code     0  startup_stm32f429xx.o(.text)
    TIM5_IRQHandler                          0x0800029b   Thumb Code     0  startup_stm32f429xx.o(.text)
    TIM7_IRQHandler                          0x0800029b   Thumb Code     0  startup_stm32f429xx.o(.text)
    TIM8_BRK_TIM12_IRQHandler                0x0800029b   Thumb Code     0  startup_stm32f429xx.o(.text)
    TIM8_CC_IRQHandler                       0x0800029b   Thumb Code     0  startup_stm32f429xx.o(.text)
    TIM8_TRG_COM_TIM14_IRQHandler            0x0800029b   Thumb Code     0  startup_stm32f429xx.o(.text)
    TIM8_UP_TIM13_IRQHandler                 0x0800029b   Thumb Code     0  startup_stm32f429xx.o(.text)
    UART4_IRQHandler                         0x0800029b   Thumb Code     0  startup_stm32f429xx.o(.text)
    UART8_IRQHandler                         0x0800029b   Thumb Code     0  startup_stm32f429xx.o(.text)
    USART1_IRQHandler                        0x0800029b   Thumb Code     0  startup_stm32f429xx.o(.text)
    USART2_IRQHandler                        0x0800029b   Thumb Code     0  startup_stm32f429xx.o(.text)
    USART3_IRQHandler                        0x0800029b   Thumb Code     0  startup_stm32f429xx.o(.text)
    USART6_IRQHandler                        0x0800029b   Thumb Code     0  startup_stm32f429xx.o(.text)
    WWDG_IRQHandler                          0x0800029b   Thumb Code     0  startup_stm32f429xx.o(.text)
    __user_initial_stackheap                 0x0800029d   Thumb Code     0  startup_stm32f429xx.o(.text)
    malloc                                   0x080002c1   Thumb Code    94  h1_alloc.o(.text)
    __aeabi_uldivmod                         0x0800031f   Thumb Code     0  lludivv7m.o(.text)
    _ll_udiv                                 0x0800031f   Thumb Code   240  lludivv7m.o(.text)
    __aeabi_memclr4                          0x0800040f   Thumb Code     0  rt_memclr_w.o(.text)
    __aeabi_memclr8                          0x0800040f   Thumb Code     0  rt_memclr_w.o(.text)
    __rt_memclr_w                            0x0800040f   Thumb Code     0  rt_memclr_w.o(.text)
    _memset_w                                0x08000413   Thumb Code    74  rt_memclr_w.o(.text)
    __use_two_region_memory                  0x0800045d   Thumb Code     2  heapauxi.o(.text)
    __rt_heap_escrow                         0x0800045f   Thumb Code     2  heapauxi.o(.text)
    __rt_heap_expand                         0x08000461   Thumb Code     2  heapauxi.o(.text)
    __rt_heap_descriptor                     0x08000465   Thumb Code     8  rt_heap_descriptor_intlibspace.o(.text)
    __use_no_heap                            0x0800046d   Thumb Code     2  hguard.o(.text)
    __heap$guard                             0x0800046f   Thumb Code     2  hguard.o(.text)
    _terminate_user_alloc                    0x08000471   Thumb Code     2  init_alloc.o(.text)
    _init_user_alloc                         0x08000473   Thumb Code     2  init_alloc.o(.text)
    __Heap_Full                              0x08000475   Thumb Code    34  init_alloc.o(.text)
    __Heap_Broken                            0x08000497   Thumb Code     6  init_alloc.o(.text)
    _init_alloc                              0x0800049d   Thumb Code    94  init_alloc.o(.text)
    __Heap_Initialize                        0x080004fb   Thumb Code     8  h1_init.o(.text)
    __Heap_DescSize                          0x08000503   Thumb Code     4  h1_init.o(.text)
    free                                     0x08000507   Thumb Code    78  h1_free.o(.text)
    __read_errno                             0x08000555   Thumb Code    10  _rserrno.o(.text)
    __set_errno                              0x0800055f   Thumb Code    12  _rserrno.o(.text)
    __user_libspace                          0x0800056d   Thumb Code     8  libspace.o(.text)
    __user_perproc_libspace                  0x0800056d   Thumb Code     0  libspace.o(.text)
    __user_perthread_libspace                0x0800056d   Thumb Code     0  libspace.o(.text)
    __aeabi_errno_addr                       0x08000575   Thumb Code     8  rt_errno_addr_intlibspace.o(.text)
    __errno$intlibspace                      0x08000575   Thumb Code     0  rt_errno_addr_intlibspace.o(.text)
    __rt_errno_addr$intlibspace              0x08000575   Thumb Code     0  rt_errno_addr_intlibspace.o(.text)
    __Heap_ProvideMemory                     0x0800057d   Thumb Code    52  h1_extend.o(.text)
    _maybe_terminate_alloc                   0x0800057d   Thumb Code     0  maybetermalloc1.o(.text)
    __rt_SIGRTMEM                            0x080005b1   Thumb Code    14  defsig_rtmem_outer.o(.text)
    __I$use$semihosting                      0x080005bf   Thumb Code     0  use_no_semi.o(.text)
    __use_no_semihosting_swi                 0x080005bf   Thumb Code     2  use_no_semi.o(.text)
    __semihosting_library_function           0x080005c1   Thumb Code     0  indicate_semi.o(.text)
    __user_setup_stackheap                   0x080005c1   Thumb Code    74  sys_stackheap_outer.o(.text)
    exit                                     0x0800060b   Thumb Code    18  exit.o(.text)
    __sig_exit                               0x0800061d   Thumb Code    10  defsig_exit.o(.text)
    __rt_SIGRTMEM_inner                      0x08000629   Thumb Code    22  defsig_rtmem_inner.o(.text)
    _sys_exit                                0x08000679   Thumb Code     8  sys_exit.o(.text)
    __default_signal_display                 0x08000685   Thumb Code    50  defsig_general.o(.text)
    _ttywrch                                 0x080006b7   Thumb Code    14  sys_wrch.o(.text)
    BusFault_Handler                         0x08000751   Thumb Code     2  stm32f4xx_it.o(.text.BusFault_Handler)
    DMA2D_IRQHandler                         0x08000755   Thumb Code    12  stm32f4xx_it.o(.text.DMA2D_IRQHandler)
    DMA2_Stream0_IRQHandler                  0x08000761   Thumb Code    12  stm32f4xx_it.o(.text.DMA2_Stream0_IRQHandler)
    DebugMon_Handler                         0x0800076d   Thumb Code     2  stm32f4xx_it.o(.text.DebugMon_Handler)
    Error_Handler                            0x08000771   Thumb Code     6  main.o(.text.Error_Handler)
    HAL_ADC_ConfigChannel                    0x08000779   Thumb Code   368  stm32f4xx_hal_adc.o(.text.HAL_ADC_ConfigChannel)
    HAL_ADC_ConvCpltCallback                 0x080008e9   Thumb Code    16  main.o(.text.HAL_ADC_ConvCpltCallback)
    HAL_ADC_ConvHalfCpltCallback             0x080008f9   Thumb Code     2  stm32f4xx_hal_adc.o(.text.HAL_ADC_ConvHalfCpltCallback)
    HAL_ADC_ErrorCallback                    0x080008fd   Thumb Code     2  stm32f4xx_hal_adc.o(.text.HAL_ADC_ErrorCallback)
    HAL_ADC_Init                             0x08000901   Thumb Code   348  stm32f4xx_hal_adc.o(.text.HAL_ADC_Init)
    HAL_ADC_MspInit                          0x08000a5d   Thumb Code   176  stm32f4xx_hal_msp.o(.text.HAL_ADC_MspInit)
    HAL_ADC_Start_DMA                        0x08000b0d   Thumb Code   422  stm32f4xx_hal_adc.o(.text.HAL_ADC_Start_DMA)
    HAL_CRC_Init                             0x08000cb5   Thumb Code    46  stm32f4xx_hal_crc.o(.text.HAL_CRC_Init)
    HAL_CRC_MspInit                          0x08000ce5   Thumb Code    48  stm32f4xx_hal_msp.o(.text.HAL_CRC_MspInit)
    HAL_DMA2D_CLUTLoadingCpltCallback        0x08000d15   Thumb Code     2  stm32f4xx_hal_dma2d.o(.text.HAL_DMA2D_CLUTLoadingCpltCallback)
    HAL_DMA2D_ConfigLayer                    0x08000d19   Thumb Code   150  stm32f4xx_hal_dma2d.o(.text.HAL_DMA2D_ConfigLayer)
    HAL_DMA2D_IRQHandler                     0x08000db1   Thumb Code   322  stm32f4xx_hal_dma2d.o(.text.HAL_DMA2D_IRQHandler)
    HAL_DMA2D_Init                           0x08000ef5   Thumb Code    92  stm32f4xx_hal_dma2d.o(.text.HAL_DMA2D_Init)
    HAL_DMA2D_LineEventCallback              0x08000f51   Thumb Code     2  stm32f4xx_hal_dma2d.o(.text.HAL_DMA2D_LineEventCallback)
    HAL_DMA2D_MspInit                        0x08000f55   Thumb Code    72  stm32f4xx_hal_msp.o(.text.HAL_DMA2D_MspInit)
    HAL_DMA_Abort                            0x08000f9d   Thumb Code   142  stm32f4xx_hal_dma.o(.text.HAL_DMA_Abort)
    HAL_DMA_Abort_IT                         0x0800102d   Thumb Code    36  stm32f4xx_hal_dma.o(.text.HAL_DMA_Abort_IT)
    HAL_DMA_IRQHandler                       0x08001051   Thumb Code   452  stm32f4xx_hal_dma.o(.text.HAL_DMA_IRQHandler)
    HAL_DMA_Init                             0x08001215   Thumb Code   354  stm32f4xx_hal_dma.o(.text.HAL_DMA_Init)
    HAL_DMA_Start_IT                         0x08001379   Thumb Code   162  stm32f4xx_hal_dma.o(.text.HAL_DMA_Start_IT)
    HAL_Delay                                0x0800141d   Thumb Code    40  stm32f4xx_hal.o(.text.HAL_Delay)
    HAL_GPIO_Init                            0x08001445   Thumb Code   414  stm32f4xx_hal_gpio.o(.text.HAL_GPIO_Init)
    HAL_GPIO_TogglePin                       0x080015e5   Thumb Code    16  stm32f4xx_hal_gpio.o(.text.HAL_GPIO_TogglePin)
    HAL_GPIO_WritePin                        0x080015f5   Thumb Code    10  stm32f4xx_hal_gpio.o(.text.HAL_GPIO_WritePin)
    HAL_GetTick                              0x08001601   Thumb Code    12  stm32f4xx_hal.o(.text.HAL_GetTick)
    HAL_IncTick                              0x0800160d   Thumb Code    26  stm32f4xx_hal.o(.text.HAL_IncTick)
    HAL_Init                                 0x08001629   Thumb Code    54  stm32f4xx_hal.o(.text.HAL_Init)
    HAL_InitTick                             0x08001661   Thumb Code   178  stm32f4xx_hal_timebase_tim.o(.text.HAL_InitTick)
    HAL_MspInit                              0x08001715   Thumb Code    56  stm32f4xx_hal_msp.o(.text.HAL_MspInit)
    HAL_NVIC_EnableIRQ                       0x0800174d   Thumb Code    34  stm32f4xx_hal_cortex.o(.text.HAL_NVIC_EnableIRQ)
    HAL_NVIC_SetPriority                     0x08001771   Thumb Code    86  stm32f4xx_hal_cortex.o(.text.HAL_NVIC_SetPriority)
    HAL_NVIC_SetPriorityGrouping             0x080017c9   Thumb Code    32  stm32f4xx_hal_cortex.o(.text.HAL_NVIC_SetPriorityGrouping)
    HAL_RCC_ClockConfig                      0x080017e9   Thumb Code   356  stm32f4xx_hal_rcc.o(.text.HAL_RCC_ClockConfig)
    HAL_RCC_GetClockConfig                   0x0800194d   Thumb Code    62  stm32f4xx_hal_rcc.o(.text.HAL_RCC_GetClockConfig)
    HAL_RCC_GetPCLK1Freq                     0x0800198d   Thumb Code    38  stm32f4xx_hal_rcc.o(.text.HAL_RCC_GetPCLK1Freq)
    HAL_RCC_GetPCLK2Freq                     0x080019b5   Thumb Code    38  stm32f4xx_hal_rcc.o(.text.HAL_RCC_GetPCLK2Freq)
    HAL_RCC_GetSysClockFreq                  0x080019dd   Thumb Code   108  stm32f4xx_hal_rcc.o(.text.HAL_RCC_GetSysClockFreq)
    HAL_RCC_OscConfig                        0x08001a49   Thumb Code   940  stm32f4xx_hal_rcc.o(.text.HAL_RCC_OscConfig)
    HAL_TIMEx_BreakCallback                  0x08001df5   Thumb Code     2  stm32f4xx_hal_tim_ex.o(.text.HAL_TIMEx_BreakCallback)
    HAL_TIMEx_CommutCallback                 0x08001df9   Thumb Code     2  stm32f4xx_hal_tim_ex.o(.text.HAL_TIMEx_CommutCallback)
    HAL_TIMEx_ConfigBreakDeadTime            0x08001dfd   Thumb Code    76  stm32f4xx_hal_tim_ex.o(.text.HAL_TIMEx_ConfigBreakDeadTime)
    HAL_TIMEx_MasterConfigSynchronization    0x08001e49   Thumb Code   186  stm32f4xx_hal_tim_ex.o(.text.HAL_TIMEx_MasterConfigSynchronization)
    HAL_TIM_Base_Init                        0x08001f05   Thumb Code    90  stm32f4xx_hal_tim.o(.text.HAL_TIM_Base_Init)
    HAL_TIM_Base_MspInit                     0x08001f61   Thumb Code   116  stm32f4xx_hal_msp.o(.text.HAL_TIM_Base_MspInit)
    HAL_TIM_Base_Start_IT                    0x08001fd5   Thumb Code   170  stm32f4xx_hal_tim.o(.text.HAL_TIM_Base_Start_IT)
    HAL_TIM_ConfigClockSource                0x08002081   Thumb Code   416  stm32f4xx_hal_tim.o(.text.HAL_TIM_ConfigClockSource)
    HAL_TIM_IC_CaptureCallback               0x08002221   Thumb Code     2  stm32f4xx_hal_tim.o(.text.HAL_TIM_IC_CaptureCallback)
    HAL_TIM_IRQHandler                       0x08002225   Thumb Code   334  stm32f4xx_hal_tim.o(.text.HAL_TIM_IRQHandler)
    HAL_TIM_MspPostInit                      0x08002375   Thumb Code   142  stm32f4xx_hal_msp.o(.text.HAL_TIM_MspPostInit)
    HAL_TIM_OC_DelayElapsedCallback          0x08002405   Thumb Code     2  stm32f4xx_hal_tim.o(.text.HAL_TIM_OC_DelayElapsedCallback)
    HAL_TIM_PWM_ConfigChannel                0x08002409   Thumb Code   544  stm32f4xx_hal_tim.o(.text.HAL_TIM_PWM_ConfigChannel)
    HAL_TIM_PWM_Init                         0x08002629   Thumb Code    90  stm32f4xx_hal_tim.o(.text.HAL_TIM_PWM_Init)
    HAL_TIM_PWM_MspInit                      0x08002685   Thumb Code     2  stm32f4xx_hal_tim.o(.text.HAL_TIM_PWM_MspInit)
    HAL_TIM_PWM_PulseFinishedCallback        0x08002689   Thumb Code     2  stm32f4xx_hal_tim.o(.text.HAL_TIM_PWM_PulseFinishedCallback)
    HAL_TIM_PWM_Start                        0x0800268d   Thumb Code   270  stm32f4xx_hal_tim.o(.text.HAL_TIM_PWM_Start)
    HAL_TIM_PeriodElapsedCallback            0x0800279d   Thumb Code    20  main.o(.text.HAL_TIM_PeriodElapsedCallback)
    HAL_TIM_TriggerCallback                  0x080027b1   Thumb Code     2  stm32f4xx_hal_tim.o(.text.HAL_TIM_TriggerCallback)
    HAL_UARTEx_RxEventCallback               0x080027b5   Thumb Code     2  stm32f4xx_hal_uart.o(.text.HAL_UARTEx_RxEventCallback)
    HAL_UART_ErrorCallback                   0x080027b9   Thumb Code     2  stm32f4xx_hal_uart.o(.text.HAL_UART_ErrorCallback)
    HAL_UART_IRQHandler                      0x080027bd   Thumb Code  1392  stm32f4xx_hal_uart.o(.text.HAL_UART_IRQHandler)
    HAL_UART_Init                            0x08002d2d   Thumb Code    96  stm32f4xx_hal_uart.o(.text.HAL_UART_Init)
    HAL_UART_MspInit                         0x08002d8d   Thumb Code   276  stm32f4xx_hal_msp.o(.text.HAL_UART_MspInit)
    HAL_UART_Receive_IT                      0x08002ea1   Thumb Code    84  stm32f4xx_hal_uart.o(.text.HAL_UART_Receive_IT)
    HAL_UART_RxCpltCallback                  0x08002ef5   Thumb Code    62  main.o(.text.HAL_UART_RxCpltCallback)
    HAL_UART_Transmit_IT                     0x08002f35   Thumb Code    62  stm32f4xx_hal_uart.o(.text.HAL_UART_Transmit_IT)
    HAL_UART_TxCpltCallback                  0x08002f75   Thumb Code     2  stm32f4xx_hal_uart.o(.text.HAL_UART_TxCpltCallback)
    HardFault_Handler                        0x08002f79   Thumb Code     2  stm32f4xx_it.o(.text.HardFault_Handler)
    MemManage_Handler                        0x08002f7d   Thumb Code     2  stm32f4xx_it.o(.text.MemManage_Handler)
    NMI_Handler                              0x08002f81   Thumb Code     2  stm32f4xx_it.o(.text.NMI_Handler)
    PendSV_Handler                           0x08002f85   Thumb Code     2  stm32f4xx_it.o(.text.PendSV_Handler)
    SVC_Handler                              0x08002f89   Thumb Code     2  stm32f4xx_it.o(.text.SVC_Handler)
    SysTick_Handler                          0x08002f8d   Thumb Code     2  stm32f4xx_it.o(.text.SysTick_Handler)
    SystemClock_Config                       0x08002f91   Thumb Code   168  main.o(.text.SystemClock_Config)
    SystemInit                               0x08003039   Thumb Code    18  system_stm32f4xx.o(.text.SystemInit)
    TIM1_UP_TIM10_IRQHandler                 0x0800304d   Thumb Code    12  stm32f4xx_it.o(.text.TIM1_UP_TIM10_IRQHandler)
    TIM2_IRQHandler                          0x08003059   Thumb Code    12  stm32f4xx_it.o(.text.TIM2_IRQHandler)
    TIM6_DAC_IRQHandler                      0x08003065   Thumb Code    12  stm32f4xx_it.o(.text.TIM6_DAC_IRQHandler)
    TIM_Base_SetConfig                       0x08003071   Thumb Code   324  stm32f4xx_hal_tim.o(.text.TIM_Base_SetConfig)
    UART5_IRQHandler                         0x080031b5   Thumb Code    12  stm32f4xx_it.o(.text.UART5_IRQHandler)
    UART7_IRQHandler                         0x080031c1   Thumb Code    12  stm32f4xx_it.o(.text.UART7_IRQHandler)
    UsageFault_Handler                       0x080033c1   Thumb Code     2  stm32f4xx_it.o(.text.UsageFault_Handler)
    closeGripper                             0x080033c5   Thumb Code   108  gripper_control.o(.text.closeGripper)
    getData                                  0x08003431   Thumb Code    18  uart_pi.o(.text.getData)
    getForceReading                          0x08003445   Thumb Code     8  force_sensor.o(.text.getForceReading)
    initBase                                 0x0800344d   Thumb Code     6  base_control.o(.text.initBase)
    initGripper                              0x08003455   Thumb Code    38  gripper_control.o(.text.initGripper)
    initJoints                               0x0800347d   Thumb Code    62  joint_control.o(.text.initJoints)
    initSystem                               0x080034bd   Thumb Code   132  robotic_arm.o(.text.initSystem)
    initUART                                 0x08003541   Thumb Code    12  uart_pi.o(.text.initUART)
    isDataUpdated                            0x0800354d   Thumb Code     4  uart_pi.o(.text.isDataUpdated)
    main                                     0x08003551   Thumb Code  2024  main.o(.text.main)
    moveBase                                 0x08003d39   Thumb Code    72  base_control.o(.text.moveBase)
    moveBaseSweep                            0x08003d81   Thumb Code    64  base_control.o(.text.moveBaseSweep)
    moveGripper                              0x08003dc1   Thumb Code   664  joint_control.o(.text.moveGripper)
    openGripper                              0x08004091   Thumb Code   116  gripper_control.o(.text.openGripper)
    runState                                 0x08004105   Thumb Code   228  robotic_arm.o(.text.runState)
    sendData                                 0x080041e9   Thumb Code    24  uart_pi.o(.text.sendData)
    setMotorPosition                         0x08004201   Thumb Code    80  servo_motor.o(.text.setMotorPosition)
    updateState                              0x08004261   Thumb Code    36  robotic_arm.o(.text.updateState)
    __ARM_fpclassify                         0x08004285   Thumb Code    48  fpclassify.o(i.__ARM_fpclassify)
    __hardfp_atan                            0x080042b9   Thumb Code   622  atan.o(i.__hardfp_atan)
    __hardfp_atan2                           0x08004591   Thumb Code   448  atan2.o(i.__hardfp_atan2)
    __hardfp_cos                             0x08004791   Thumb Code   180  cos.o(i.__hardfp_cos)
    __hardfp_sin                             0x08004859   Thumb Code   180  sin.o(i.__hardfp_sin)
    __hardfp_sqrt                            0x08004921   Thumb Code   122  sqrt.o(i.__hardfp_sqrt)
    __ieee754_rem_pio2                       0x080049a1   Thumb Code   938  rred.o(i.__ieee754_rem_pio2)
    __kernel_cos                             0x08004dd9   Thumb Code   322  cos_i.o(i.__kernel_cos)
    __kernel_poly                            0x08004f49   Thumb Code   248  poly.o(i.__kernel_poly)
    __kernel_sin                             0x08005041   Thumb Code   280  sin_i.o(i.__kernel_sin)
    __mathlib_dbl_infnan                     0x08005171   Thumb Code    20  dunder.o(i.__mathlib_dbl_infnan)
    __mathlib_dbl_infnan2                    0x08005185   Thumb Code    20  dunder.o(i.__mathlib_dbl_infnan2)
    __mathlib_dbl_invalid                    0x08005199   Thumb Code    24  dunder.o(i.__mathlib_dbl_invalid)
    __mathlib_dbl_underflow                  0x080051b9   Thumb Code    24  dunder.o(i.__mathlib_dbl_underflow)
    atan                                     0x080051d9   Thumb Code    16  atan.o(i.atan)
    fabs                                     0x080051e9   Thumb Code    24  fabs.o(i.fabs)
    __aeabi_dneg                             0x08005201   Thumb Code     0  basic.o(x$fpl$basic)
    _dneg                                    0x08005201   Thumb Code     6  basic.o(x$fpl$basic)
    __aeabi_fneg                             0x08005207   Thumb Code     0  basic.o(x$fpl$basic)
    _fneg                                    0x08005207   Thumb Code     6  basic.o(x$fpl$basic)
    _dabs                                    0x0800520d   Thumb Code     6  basic.o(x$fpl$basic)
    _fabs                                    0x08005213   Thumb Code     6  basic.o(x$fpl$basic)
    __aeabi_dadd                             0x08005219   Thumb Code     0  daddsub_clz.o(x$fpl$dadd)
    _dadd                                    0x08005219   Thumb Code   332  daddsub_clz.o(x$fpl$dadd)
    __fpl_dcmp_Inf                           0x08005369   Thumb Code    24  dcmpi.o(x$fpl$dcmpinf)
    __aeabi_ddiv                             0x08005381   Thumb Code     0  ddiv.o(x$fpl$ddiv)
    _ddiv                                    0x08005381   Thumb Code   560  ddiv.o(x$fpl$ddiv)
    __aeabi_cdcmpeq                          0x08005639   Thumb Code     0  deqf.o(x$fpl$deqf)
    _dcmpeq                                  0x08005639   Thumb Code   120  deqf.o(x$fpl$deqf)
    __aeabi_d2iz                             0x080056b1   Thumb Code     0  dfix.o(x$fpl$dfix)
    _dfix                                    0x080056b1   Thumb Code    94  dfix.o(x$fpl$dfix)
    __aeabi_i2d                              0x0800570f   Thumb Code     0  dflt_clz.o(x$fpl$dflt)
    _dflt                                    0x0800570f   Thumb Code    46  dflt_clz.o(x$fpl$dflt)
    __aeabi_ui2d                             0x0800573d   Thumb Code     0  dflt_clz.o(x$fpl$dfltu)
    _dfltu                                   0x0800573d   Thumb Code    38  dflt_clz.o(x$fpl$dfltu)
    __aeabi_dmul                             0x08005765   Thumb Code     0  dmul.o(x$fpl$dmul)
    _dmul                                    0x08005765   Thumb Code   332  dmul.o(x$fpl$dmul)
    __fpl_dnaninf                            0x080058b9   Thumb Code   156  dnaninf.o(x$fpl$dnaninf)
    __fpl_dretinf                            0x08005955   Thumb Code    12  dretinf.o(x$fpl$dretinf)
    __aeabi_drsub                            0x08005961   Thumb Code     0  daddsub_clz.o(x$fpl$drsb)
    _drsb                                    0x08005961   Thumb Code    22  daddsub_clz.o(x$fpl$drsb)
    _dsqrt                                   0x08005979   Thumb Code   404  dsqrt_umaal.o(x$fpl$dsqrt)
    __aeabi_dsub                             0x08005b11   Thumb Code     0  daddsub_clz.o(x$fpl$dsub)
    _dsub                                    0x08005b11   Thumb Code   472  daddsub_clz.o(x$fpl$dsub)
    _fp_init                                 0x08005ced   Thumb Code    26  fpinit.o(x$fpl$fpinit)
    __fplib_config_fpu_vfp                   0x08005d05   Thumb Code     0  fpinit.o(x$fpl$fpinit)
    __fplib_config_pureend_doubles           0x08005d05   Thumb Code     0  fpinit.o(x$fpl$fpinit)
    __I$use$fp                               0x08005d06   Number         0  usenofp.o(x$fpl$usenofp)
    __mathlib_zero                           0x08005dd0   Data           8  qnan.o(.constdata)
    AHBPrescTable                            0x08005ed0   Data          16  system_stm32f4xx.o(.rodata.AHBPrescTable)
    APBPrescTable                            0x08005ee0   Data           8  system_stm32f4xx.o(.rodata.APBPrescTable)
    Region$$Table$$Base                      0x08005ef0   Number         0  anon$$obj.o(Region$$Table)
    Region$$Table$$Limit                     0x08005f10   Number         0  anon$$obj.o(Region$$Table)
    uwTickFreq                               0x20000000   Data           1  stm32f4xx_hal.o(.data..L_MergedGlobals)
    uwTickPrio                               0x20000004   Data           4  stm32f4xx_hal.o(.data..L_MergedGlobals)
    SystemCoreClock                          0x20000008   Data           4  system_stm32f4xx.o(.data.SystemCoreClock)
    __libspace_start                         0x20000010   Data          96  libspace.o(.bss)
    ADC_VALUES                               0x20000070   Data           4  main.o(.bss..L_MergedGlobals)
    __temporary_stack_top$libspace           0x20000070   Data           0  libspace.o(.bss)
    ui_port                                  0x20000074   Data           4  main.o(.bss..L_MergedGlobals)
    object_port                              0x20000078   Data           4  main.o(.bss..L_MergedGlobals)
    sensors                                  0x2000007c   Data           4  main.o(.bss..L_MergedGlobals)
    hcrc                                     0x20000080   Data           8  main.o(.bss..L_MergedGlobals)
    hdma2d                                   0x20000088   Data          64  main.o(.bss..L_MergedGlobals)
    hadc1                                    0x200000cc   Data          72  main.o(.bss.hadc1)
    hdma_adc1                                0x20000114   Data          96  main.o(.bss.hdma_adc1)
    htim1                                    0x20000174   Data          72  main.o(.bss.htim1)
    htim2                                    0x200001bc   Data          72  main.o(.bss.htim2)
    htim6                                    0x20000204   Data          72  stm32f4xx_hal_timebase_tim.o(.bss.htim6)
    huart5                                   0x2000024c   Data          72  main.o(.bss.huart5)
    huart7                                   0x20000294   Data          72  main.o(.bss.huart7)
    uwTick                                   0x200002dc   Data           4  stm32f4xx_hal.o(.bss.uwTick)



==============================================================================

Memory Map of the image

  Image Entry point : 0x080001ad

  Load Region LR_IROM1 (Base: 0x08000000, Size: 0x00005f20, Max: 0x00200000, ABSOLUTE)

    Execution Region ER_IROM1 (Exec base: 0x08000000, Load base: 0x08000000, Size: 0x00005f10, Max: 0x00200000, ABSOLUTE)

    Exec Addr    Load Addr    Size         Type   Attr      Idx    E Section Name        Object

    0x08000000   0x08000000   0x000001ac   Data   RO            3    RESET               startup_stm32f429xx.o
    0x080001ac   0x080001ac   0x00000008   Code   RO         1339  * !!!main             c_w.l(__main.o)
    0x080001b4   0x080001b4   0x0000005c   Code   RO         1673    !!!scatter          c_w.l(__scatter.o)
    0x08000210   0x08000210   0x0000001a   Code   RO         1677    !!handler_copy      c_w.l(__scatter_copy.o)
    0x0800022a   0x0800022a   0x00000002   PAD
    0x0800022c   0x0800022c   0x00000002   Code   RO         1674    !!handler_null      c_w.l(__scatter.o)
    0x0800022e   0x0800022e   0x00000002   PAD
    0x08000230   0x08000230   0x0000001c   Code   RO         1679    !!handler_zi        c_w.l(__scatter_zi.o)
    0x0800024c   0x0800024c   0x00000002   Code   RO         1608    .ARM.Collect$$libinit$$00000000  c_w.l(libinit.o)
    0x0800024e   0x0800024e   0x00000004   Code   RO         1429    .ARM.Collect$$libinit$$00000001  c_w.l(libinit2.o)
    0x08000252   0x08000252   0x00000000   Code   RO         1432    .ARM.Collect$$libinit$$00000004  c_w.l(libinit2.o)
    0x08000252   0x08000252   0x00000000   Code   RO         1434    .ARM.Collect$$libinit$$00000006  c_w.l(libinit2.o)
    0x08000252   0x08000252   0x00000008   Code   RO         1435    .ARM.Collect$$libinit$$00000007  c_w.l(libinit2.o)
    0x0800025a   0x0800025a   0x00000000   Code   RO         1437    .ARM.Collect$$libinit$$0000000C  c_w.l(libinit2.o)
    0x0800025a   0x0800025a   0x00000000   Code   RO         1439    .ARM.Collect$$libinit$$0000000E  c_w.l(libinit2.o)
    0x0800025a   0x0800025a   0x00000000   Code   RO         1441    .ARM.Collect$$libinit$$00000010  c_w.l(libinit2.o)
    0x0800025a   0x0800025a   0x00000000   Code   RO         1444    .ARM.Collect$$libinit$$00000013  c_w.l(libinit2.o)
    0x0800025a   0x0800025a   0x00000000   Code   RO         1446    .ARM.Collect$$libinit$$00000015  c_w.l(libinit2.o)
    0x0800025a   0x0800025a   0x00000000   Code   RO         1448    .ARM.Collect$$libinit$$00000017  c_w.l(libinit2.o)
    0x0800025a   0x0800025a   0x00000000   Code   RO         1450    .ARM.Collect$$libinit$$00000019  c_w.l(libinit2.o)
    0x0800025a   0x0800025a   0x00000000   Code   RO         1452    .ARM.Collect$$libinit$$0000001B  c_w.l(libinit2.o)
    0x0800025a   0x0800025a   0x00000000   Code   RO         1454    .ARM.Collect$$libinit$$0000001D  c_w.l(libinit2.o)
    0x0800025a   0x0800025a   0x00000000   Code   RO         1456    .ARM.Collect$$libinit$$0000001F  c_w.l(libinit2.o)
    0x0800025a   0x0800025a   0x00000000   Code   RO         1458    .ARM.Collect$$libinit$$00000021  c_w.l(libinit2.o)
    0x0800025a   0x0800025a   0x00000000   Code   RO         1460    .ARM.Collect$$libinit$$00000023  c_w.l(libinit2.o)
    0x0800025a   0x0800025a   0x00000000   Code   RO         1462    .ARM.Collect$$libinit$$00000025  c_w.l(libinit2.o)
    0x0800025a   0x0800025a   0x00000000   Code   RO         1464    .ARM.Collect$$libinit$$00000027  c_w.l(libinit2.o)
    0x0800025a   0x0800025a   0x00000000   Code   RO         1468    .ARM.Collect$$libinit$$0000002E  c_w.l(libinit2.o)
    0x0800025a   0x0800025a   0x00000000   Code   RO         1470    .ARM.Collect$$libinit$$00000030  c_w.l(libinit2.o)
    0x0800025a   0x0800025a   0x00000000   Code   RO         1472    .ARM.Collect$$libinit$$00000032  c_w.l(libinit2.o)
    0x0800025a   0x0800025a   0x00000000   Code   RO         1474    .ARM.Collect$$libinit$$00000034  c_w.l(libinit2.o)
    0x0800025a   0x0800025a   0x00000002   Code   RO         1475    .ARM.Collect$$libinit$$00000035  c_w.l(libinit2.o)
    0x0800025c   0x0800025c   0x00000002   Code   RO         1670    .ARM.Collect$$libshutdown$$00000000  c_w.l(libshutdown.o)
    0x0800025e   0x0800025e   0x00000000   Code   RO         1626    .ARM.Collect$$libshutdown$$00000002  c_w.l(libshutdown2.o)
    0x0800025e   0x0800025e   0x00000000   Code   RO         1628    .ARM.Collect$$libshutdown$$00000004  c_w.l(libshutdown2.o)
    0x0800025e   0x0800025e   0x00000000   Code   RO         1631    .ARM.Collect$$libshutdown$$00000007  c_w.l(libshutdown2.o)
    0x0800025e   0x0800025e   0x00000000   Code   RO         1634    .ARM.Collect$$libshutdown$$0000000A  c_w.l(libshutdown2.o)
    0x0800025e   0x0800025e   0x00000000   Code   RO         1636    .ARM.Collect$$libshutdown$$0000000C  c_w.l(libshutdown2.o)
    0x0800025e   0x0800025e   0x00000000   Code   RO         1639    .ARM.Collect$$libshutdown$$0000000F  c_w.l(libshutdown2.o)
    0x0800025e   0x0800025e   0x00000002   Code   RO         1640    .ARM.Collect$$libshutdown$$00000010  c_w.l(libshutdown2.o)
    0x08000260   0x08000260   0x00000000   Code   RO         1389    .ARM.Collect$$rtentry$$00000000  c_w.l(__rtentry.o)
    0x08000260   0x08000260   0x00000000   Code   RO         1534    .ARM.Collect$$rtentry$$00000002  c_w.l(__rtentry2.o)
    0x08000260   0x08000260   0x00000006   Code   RO         1546    .ARM.Collect$$rtentry$$00000004  c_w.l(__rtentry4.o)
    0x08000266   0x08000266   0x00000000   Code   RO         1536    .ARM.Collect$$rtentry$$00000009  c_w.l(__rtentry2.o)
    0x08000266   0x08000266   0x00000004   Code   RO         1537    .ARM.Collect$$rtentry$$0000000A  c_w.l(__rtentry2.o)
    0x0800026a   0x0800026a   0x00000000   Code   RO         1539    .ARM.Collect$$rtentry$$0000000C  c_w.l(__rtentry2.o)
    0x0800026a   0x0800026a   0x00000008   Code   RO         1540    .ARM.Collect$$rtentry$$0000000D  c_w.l(__rtentry2.o)
    0x08000272   0x08000272   0x00000002   Code   RO         1613    .ARM.Collect$$rtexit$$00000000  c_w.l(rtexit.o)
    0x08000274   0x08000274   0x00000000   Code   RO         1646    .ARM.Collect$$rtexit$$00000002  c_w.l(rtexit2.o)
    0x08000274   0x08000274   0x00000004   Code   RO         1647    .ARM.Collect$$rtexit$$00000003  c_w.l(rtexit2.o)
    0x08000278   0x08000278   0x00000006   Code   RO         1648    .ARM.Collect$$rtexit$$00000004  c_w.l(rtexit2.o)
    0x0800027e   0x0800027e   0x00000002   PAD
    0x08000280   0x08000280   0x00000040   Code   RO            4    .text               startup_stm32f429xx.o
    0x080002c0   0x080002c0   0x0000005e   Code   RO         1279    .text               c_w.l(h1_alloc.o)
    0x0800031e   0x0800031e   0x000000f0   Code   RO         1333    .text               c_w.l(lludivv7m.o)
    0x0800040e   0x0800040e   0x0000004e   Code   RO         1335    .text               c_w.l(rt_memclr_w.o)
    0x0800045c   0x0800045c   0x00000006   Code   RO         1337    .text               c_w.l(heapauxi.o)
    0x08000462   0x08000462   0x00000002   PAD
    0x08000464   0x08000464   0x00000008   Code   RO         1397    .text               c_w.l(rt_heap_descriptor_intlibspace.o)
    0x0800046c   0x0800046c   0x00000004   Code   RO         1399    .text               c_w.l(hguard.o)
    0x08000470   0x08000470   0x0000008a   Code   RO         1401    .text               c_w.l(init_alloc.o)
    0x080004fa   0x080004fa   0x0000000c   Code   RO         1407    .text               c_w.l(h1_init.o)
    0x08000506   0x08000506   0x0000004e   Code   RO         1409    .text               c_w.l(h1_free.o)
    0x08000554   0x08000554   0x00000016   Code   RO         1423    .text               c_w.l(_rserrno.o)
    0x0800056a   0x0800056a   0x00000002   PAD
    0x0800056c   0x0800056c   0x00000008   Code   RO         1530    .text               c_w.l(libspace.o)
    0x08000574   0x08000574   0x00000008   Code   RO         1553    .text               c_w.l(rt_errno_addr_intlibspace.o)
    0x0800057c   0x0800057c   0x00000000   Code   RO         1557    .text               c_w.l(maybetermalloc1.o)
    0x0800057c   0x0800057c   0x00000034   Code   RO         1559    .text               c_w.l(h1_extend.o)
    0x080005b0   0x080005b0   0x0000000e   Code   RO         1563    .text               c_w.l(defsig_rtmem_outer.o)
    0x080005be   0x080005be   0x00000002   Code   RO         1580    .text               c_w.l(use_no_semi.o)
    0x080005c0   0x080005c0   0x00000000   Code   RO         1582    .text               c_w.l(indicate_semi.o)
    0x080005c0   0x080005c0   0x0000004a   Code   RO         1583    .text               c_w.l(sys_stackheap_outer.o)
    0x0800060a   0x0800060a   0x00000012   Code   RO         1589    .text               c_w.l(exit.o)
    0x0800061c   0x0800061c   0x0000000a   Code   RO         1591    .text               c_w.l(defsig_exit.o)
    0x08000626   0x08000626   0x00000002   PAD
    0x08000628   0x08000628   0x00000050   Code   RO         1597    .text               c_w.l(defsig_rtmem_inner.o)
    0x08000678   0x08000678   0x0000000c   Code   RO         1609    .text               c_w.l(sys_exit.o)
    0x08000684   0x08000684   0x00000032   Code   RO         1621    .text               c_w.l(defsig_general.o)
    0x080006b6   0x080006b6   0x0000000e   Code   RO         1641    .text               c_w.l(sys_wrch.o)
    0x080006c4   0x080006c4   0x0000006e   Code   RO          252    .text.ADC_DMAConvCplt  stm32f4xx_hal_adc.o
    0x08000732   0x08000732   0x00000002   PAD
    0x08000734   0x08000734   0x00000012   Code   RO          256    .text.ADC_DMAError  stm32f4xx_hal_adc.o
    0x08000746   0x08000746   0x00000002   PAD
    0x08000748   0x08000748   0x00000006   Code   RO          254    .text.ADC_DMAHalfConvCplt  stm32f4xx_hal_adc.o
    0x0800074e   0x0800074e   0x00000002   PAD
    0x08000750   0x08000750   0x00000002   Code   RO           80    .text.BusFault_Handler  stm32f4xx_it.o
    0x08000752   0x08000752   0x00000002   PAD
    0x08000754   0x08000754   0x0000000c   Code   RO          104    .text.DMA2D_IRQHandler  stm32f4xx_it.o
    0x08000760   0x08000760   0x0000000c   Code   RO          100    .text.DMA2_Stream0_IRQHandler  stm32f4xx_it.o
    0x0800076c   0x0800076c   0x00000002   Code   RO           86    .text.DebugMon_Handler  stm32f4xx_it.o
    0x0800076e   0x0800076e   0x00000002   PAD
    0x08000770   0x08000770   0x00000006   Code   RO           50    .text.Error_Handler  main.o
    0x08000776   0x08000776   0x00000002   PAD
    0x08000778   0x08000778   0x00000170   Code   RO          264    .text.HAL_ADC_ConfigChannel  stm32f4xx_hal_adc.o
    0x080008e8   0x080008e8   0x00000010   Code   RO           54    .text.HAL_ADC_ConvCpltCallback  main.o
    0x080008f8   0x080008f8   0x00000002   Code   RO          262    .text.HAL_ADC_ConvHalfCpltCallback  stm32f4xx_hal_adc.o
    0x080008fa   0x080008fa   0x00000002   PAD
    0x080008fc   0x080008fc   0x00000002   Code   RO          248    .text.HAL_ADC_ErrorCallback  stm32f4xx_hal_adc.o
    0x080008fe   0x080008fe   0x00000002   PAD
    0x08000900   0x08000900   0x0000015c   Code   RO          222    .text.HAL_ADC_Init  stm32f4xx_hal_adc.o
    0x08000a5c   0x08000a5c   0x000000b0   Code   RO          115    .text.HAL_ADC_MspInit  stm32f4xx_hal_msp.o
    0x08000b0c   0x08000b0c   0x000001a6   Code   RO          250    .text.HAL_ADC_Start_DMA  stm32f4xx_hal_adc.o
    0x08000cb2   0x08000cb2   0x00000002   PAD
    0x08000cb4   0x08000cb4   0x0000002e   Code   RO          728    .text.HAL_CRC_Init  stm32f4xx_hal_crc.o
    0x08000ce2   0x08000ce2   0x00000002   PAD
    0x08000ce4   0x08000ce4   0x00000030   Code   RO          119    .text.HAL_CRC_MspInit  stm32f4xx_hal_msp.o
    0x08000d14   0x08000d14   0x00000002   Code   RO          794    .text.HAL_DMA2D_CLUTLoadingCpltCallback  stm32f4xx_hal_dma2d.o
    0x08000d16   0x08000d16   0x00000002   PAD
    0x08000d18   0x08000d18   0x00000096   Code   RO          796    .text.HAL_DMA2D_ConfigLayer  stm32f4xx_hal_dma2d.o
    0x08000dae   0x08000dae   0x00000002   PAD
    0x08000db0   0x08000db0   0x00000142   Code   RO          790    .text.HAL_DMA2D_IRQHandler  stm32f4xx_hal_dma2d.o
    0x08000ef2   0x08000ef2   0x00000002   PAD
    0x08000ef4   0x08000ef4   0x0000005c   Code   RO          750    .text.HAL_DMA2D_Init  stm32f4xx_hal_dma2d.o
    0x08000f50   0x08000f50   0x00000002   Code   RO          792    .text.HAL_DMA2D_LineEventCallback  stm32f4xx_hal_dma2d.o
    0x08000f52   0x08000f52   0x00000002   PAD
    0x08000f54   0x08000f54   0x00000048   Code   RO          123    .text.HAL_DMA2D_MspInit  stm32f4xx_hal_msp.o
    0x08000f9c   0x08000f9c   0x0000008e   Code   RO          489    .text.HAL_DMA_Abort  stm32f4xx_hal_dma.o
    0x0800102a   0x0800102a   0x00000002   PAD
    0x0800102c   0x0800102c   0x00000024   Code   RO          491    .text.HAL_DMA_Abort_IT  stm32f4xx_hal_dma.o
    0x08001050   0x08001050   0x000001c4   Code   RO          495    .text.HAL_DMA_IRQHandler  stm32f4xx_hal_dma.o
    0x08001214   0x08001214   0x00000162   Code   RO          481    .text.HAL_DMA_Init  stm32f4xx_hal_dma.o
    0x08001376   0x08001376   0x00000002   PAD
    0x08001378   0x08001378   0x000000a2   Code   RO          487    .text.HAL_DMA_Start_IT  stm32f4xx_hal_dma.o
    0x0800141a   0x0800141a   0x00000002   PAD
    0x0800141c   0x0800141c   0x00000028   Code   RO          654    .text.HAL_Delay     stm32f4xx_hal.o
    0x08001444   0x08001444   0x0000019e   Code   RO          443    .text.HAL_GPIO_Init  stm32f4xx_hal_gpio.o
    0x080015e2   0x080015e2   0x00000002   PAD
    0x080015e4   0x080015e4   0x00000010   Code   RO          451    .text.HAL_GPIO_TogglePin  stm32f4xx_hal_gpio.o
    0x080015f4   0x080015f4   0x0000000a   Code   RO          449    .text.HAL_GPIO_WritePin  stm32f4xx_hal_gpio.o
    0x080015fe   0x080015fe   0x00000002   PAD
    0x08001600   0x08001600   0x0000000c   Code   RO          646    .text.HAL_GetTick   stm32f4xx_hal.o
    0x0800160c   0x0800160c   0x0000001a   Code   RO          644    .text.HAL_IncTick   stm32f4xx_hal.o
    0x08001626   0x08001626   0x00000002   PAD
    0x08001628   0x08001628   0x00000036   Code   RO          634    .text.HAL_Init      stm32f4xx_hal.o
    0x0800165e   0x0800165e   0x00000002   PAD
    0x08001660   0x08001660   0x000000b2   Code   RO          145    .text.HAL_InitTick  stm32f4xx_hal_timebase_tim.o
    0x08001712   0x08001712   0x00000002   PAD
    0x08001714   0x08001714   0x00000038   Code   RO          113    .text.HAL_MspInit   stm32f4xx_hal_msp.o
    0x0800174c   0x0800174c   0x00000022   Code   RO          586    .text.HAL_NVIC_EnableIRQ  stm32f4xx_hal_cortex.o
    0x0800176e   0x0800176e   0x00000002   PAD
    0x08001770   0x08001770   0x00000056   Code   RO          584    .text.HAL_NVIC_SetPriority  stm32f4xx_hal_cortex.o
    0x080017c6   0x080017c6   0x00000002   PAD
    0x080017c8   0x080017c8   0x00000020   Code   RO          582    .text.HAL_NVIC_SetPriorityGrouping  stm32f4xx_hal_cortex.o
    0x080017e8   0x080017e8   0x00000164   Code   RO          323    .text.HAL_RCC_ClockConfig  stm32f4xx_hal_rcc.o
    0x0800194c   0x0800194c   0x0000003e   Code   RO          341    .text.HAL_RCC_GetClockConfig  stm32f4xx_hal_rcc.o
    0x0800198a   0x0800198a   0x00000002   PAD
    0x0800198c   0x0800198c   0x00000026   Code   RO          335    .text.HAL_RCC_GetPCLK1Freq  stm32f4xx_hal_rcc.o
    0x080019b2   0x080019b2   0x00000002   PAD
    0x080019b4   0x080019b4   0x00000026   Code   RO          337    .text.HAL_RCC_GetPCLK2Freq  stm32f4xx_hal_rcc.o
    0x080019da   0x080019da   0x00000002   PAD
    0x080019dc   0x080019dc   0x0000006c   Code   RO          325    .text.HAL_RCC_GetSysClockFreq  stm32f4xx_hal_rcc.o
    0x08001a48   0x08001a48   0x000003ac   Code   RO          321    .text.HAL_RCC_OscConfig  stm32f4xx_hal_rcc.o
    0x08001df4   0x08001df4   0x00000002   Code   RO         1125    .text.HAL_TIMEx_BreakCallback  stm32f4xx_hal_tim_ex.o
    0x08001df6   0x08001df6   0x00000002   PAD
    0x08001df8   0x08001df8   0x00000002   Code   RO         1121    .text.HAL_TIMEx_CommutCallback  stm32f4xx_hal_tim_ex.o
    0x08001dfa   0x08001dfa   0x00000002   PAD
    0x08001dfc   0x08001dfc   0x0000004c   Code   RO         1117    .text.HAL_TIMEx_ConfigBreakDeadTime  stm32f4xx_hal_tim_ex.o
    0x08001e48   0x08001e48   0x000000ba   Code   RO         1115    .text.HAL_TIMEx_MasterConfigSynchronization  stm32f4xx_hal_tim_ex.o
    0x08001f02   0x08001f02   0x00000002   PAD
    0x08001f04   0x08001f04   0x0000005a   Code   RO          820    .text.HAL_TIM_Base_Init  stm32f4xx_hal_tim.o
    0x08001f5e   0x08001f5e   0x00000002   PAD
    0x08001f60   0x08001f60   0x00000074   Code   RO          127    .text.HAL_TIM_Base_MspInit  stm32f4xx_hal_msp.o
    0x08001fd4   0x08001fd4   0x000000aa   Code   RO          834    .text.HAL_TIM_Base_Start_IT  stm32f4xx_hal_tim.o
    0x0800207e   0x0800207e   0x00000002   PAD
    0x08002080   0x08002080   0x000001a0   Code   RO         1000    .text.HAL_TIM_ConfigClockSource  stm32f4xx_hal_tim.o
    0x08002220   0x08002220   0x00000002   Code   RO          956    .text.HAL_TIM_IC_CaptureCallback  stm32f4xx_hal_tim.o
    0x08002222   0x08002222   0x00000002   PAD
    0x08002224   0x08002224   0x0000014e   Code   RO          954    .text.HAL_TIM_IRQHandler  stm32f4xx_hal_tim.o
    0x08002372   0x08002372   0x00000002   PAD
    0x08002374   0x08002374   0x0000008e   Code   RO          129    .text.HAL_TIM_MspPostInit  stm32f4xx_hal_msp.o
    0x08002402   0x08002402   0x00000002   PAD
    0x08002404   0x08002404   0x00000002   Code   RO          958    .text.HAL_TIM_OC_DelayElapsedCallback  stm32f4xx_hal_tim.o
    0x08002406   0x08002406   0x00000002   PAD
    0x08002408   0x08002408   0x00000220   Code   RO          974    .text.HAL_TIM_PWM_ConfigChannel  stm32f4xx_hal_tim.o
    0x08002628   0x08002628   0x0000005a   Code   RO          874    .text.HAL_TIM_PWM_Init  stm32f4xx_hal_tim.o
    0x08002682   0x08002682   0x00000002   PAD
    0x08002684   0x08002684   0x00000002   Code   RO          876    .text.HAL_TIM_PWM_MspInit  stm32f4xx_hal_tim.o
    0x08002686   0x08002686   0x00000002   PAD
    0x08002688   0x08002688   0x00000002   Code   RO          960    .text.HAL_TIM_PWM_PulseFinishedCallback  stm32f4xx_hal_tim.o
    0x0800268a   0x0800268a   0x00000002   PAD
    0x0800268c   0x0800268c   0x0000010e   Code   RO          882    .text.HAL_TIM_PWM_Start  stm32f4xx_hal_tim.o
    0x0800279a   0x0800279a   0x00000002   PAD
    0x0800279c   0x0800279c   0x00000014   Code   RO           56    .text.HAL_TIM_PeriodElapsedCallback  main.o
    0x080027b0   0x080027b0   0x00000002   Code   RO          964    .text.HAL_TIM_TriggerCallback  stm32f4xx_hal_tim.o
    0x080027b2   0x080027b2   0x00000002   PAD
    0x080027b4   0x080027b4   0x00000002   Code   RO         1225    .text.HAL_UARTEx_RxEventCallback  stm32f4xx_hal_uart.o
    0x080027b6   0x080027b6   0x00000002   PAD
    0x080027b8   0x080027b8   0x00000002   Code   RO         1223    .text.HAL_UART_ErrorCallback  stm32f4xx_hal_uart.o
    0x080027ba   0x080027ba   0x00000002   PAD
    0x080027bc   0x080027bc   0x00000570   Code   RO         1217    .text.HAL_UART_IRQHandler  stm32f4xx_hal_uart.o
    0x08002d2c   0x08002d2c   0x00000060   Code   RO         1139    .text.HAL_UART_Init  stm32f4xx_hal_uart.o
    0x08002d8c   0x08002d8c   0x00000114   Code   RO          133    .text.HAL_UART_MspInit  stm32f4xx_hal_msp.o
    0x08002ea0   0x08002ea0   0x00000054   Code   RO         1161    .text.HAL_UART_Receive_IT  stm32f4xx_hal_uart.o
    0x08002ef4   0x08002ef4   0x0000003e   Code   RO           52    .text.HAL_UART_RxCpltCallback  main.o
    0x08002f32   0x08002f32   0x00000002   PAD
    0x08002f34   0x08002f34   0x0000003e   Code   RO         1159    .text.HAL_UART_Transmit_IT  stm32f4xx_hal_uart.o
    0x08002f72   0x08002f72   0x00000002   PAD
    0x08002f74   0x08002f74   0x00000002   Code   RO         1227    .text.HAL_UART_TxCpltCallback  stm32f4xx_hal_uart.o
    0x08002f76   0x08002f76   0x00000002   PAD
    0x08002f78   0x08002f78   0x00000002   Code   RO           76    .text.HardFault_Handler  stm32f4xx_it.o
    0x08002f7a   0x08002f7a   0x00000002   PAD
    0x08002f7c   0x08002f7c   0x00000002   Code   RO           78    .text.MemManage_Handler  stm32f4xx_it.o
    0x08002f7e   0x08002f7e   0x00000002   PAD
    0x08002f80   0x08002f80   0x00000002   Code   RO           74    .text.NMI_Handler   stm32f4xx_it.o
    0x08002f82   0x08002f82   0x00000002   PAD
    0x08002f84   0x08002f84   0x00000002   Code   RO           88    .text.PendSV_Handler  stm32f4xx_it.o
    0x08002f86   0x08002f86   0x00000002   PAD
    0x08002f88   0x08002f88   0x00000002   Code   RO           84    .text.SVC_Handler   stm32f4xx_it.o
    0x08002f8a   0x08002f8a   0x00000002   PAD
    0x08002f8c   0x08002f8c   0x00000002   Code   RO           90    .text.SysTick_Handler  stm32f4xx_it.o
    0x08002f8e   0x08002f8e   0x00000002   PAD
    0x08002f90   0x08002f90   0x000000a8   Code   RO           48    .text.SystemClock_Config  main.o
    0x08003038   0x08003038   0x00000012   Code   RO         1261    .text.SystemInit    system_stm32f4xx.o
    0x0800304a   0x0800304a   0x00000002   PAD
    0x0800304c   0x0800304c   0x0000000c   Code   RO           92    .text.TIM1_UP_TIM10_IRQHandler  stm32f4xx_it.o
    0x08003058   0x08003058   0x0000000c   Code   RO           94    .text.TIM2_IRQHandler  stm32f4xx_it.o
    0x08003064   0x08003064   0x0000000c   Code   RO           98    .text.TIM6_DAC_IRQHandler  stm32f4xx_it.o
    0x08003070   0x08003070   0x00000144   Code   RO          824    .text.TIM_Base_SetConfig  stm32f4xx_hal_tim.o
    0x080031b4   0x080031b4   0x0000000c   Code   RO           96    .text.UART5_IRQHandler  stm32f4xx_it.o
    0x080031c0   0x080031c0   0x0000000c   Code   RO          102    .text.UART7_IRQHandler  stm32f4xx_it.o
    0x080031cc   0x080031cc   0x0000000c   Code   RO         1221    .text.UART_DMAAbortOnError  stm32f4xx_hal_uart.o
    0x080031d8   0x080031d8   0x000000fe   Code   RO         1219    .text.UART_Receive_IT  stm32f4xx_hal_uart.o
    0x080032d6   0x080032d6   0x00000002   PAD
    0x080032d8   0x080032d8   0x000000e6   Code   RO         1143    .text.UART_SetConfig  stm32f4xx_hal_uart.o
    0x080033be   0x080033be   0x00000002   PAD
    0x080033c0   0x080033c0   0x00000002   Code   RO           82    .text.UsageFault_Handler  stm32f4xx_it.o
    0x080033c2   0x080033c2   0x00000002   PAD
    0x080033c4   0x080033c4   0x0000006c   Code   RO           24    .text.closeGripper  gripper_control.o
    0x08003430   0x08003430   0x00000012   Code   RO          210    .text.getData       uart_pi.o
    0x08003442   0x08003442   0x00000002   PAD
    0x08003444   0x08003444   0x00000008   Code   RO           11    .text.getForceReading  force_sensor.o
    0x0800344c   0x0800344c   0x00000006   Code   RO          160    .text.initBase      base_control.o
    0x08003452   0x08003452   0x00000002   PAD
    0x08003454   0x08003454   0x00000026   Code   RO           20    .text.initGripper   gripper_control.o
    0x0800347a   0x0800347a   0x00000002   PAD
    0x0800347c   0x0800347c   0x0000003e   Code   RO          175    .text.initJoints    joint_control.o
    0x080034ba   0x080034ba   0x00000002   PAD
    0x080034bc   0x080034bc   0x00000084   Code   RO          187    .text.initSystem    robotic_arm.o
    0x08003540   0x08003540   0x0000000c   Code   RO          206    .text.initUART      uart_pi.o
    0x0800354c   0x0800354c   0x00000004   Code   RO          212    .text.isDataUpdated  uart_pi.o
    0x08003550   0x08003550   0x000007e8   Code   RO           46    .text.main          main.o
    0x08003d38   0x08003d38   0x00000048   Code   RO          162    .text.moveBase      base_control.o
    0x08003d80   0x08003d80   0x00000040   Code   RO          164    .text.moveBaseSweep  base_control.o
    0x08003dc0   0x08003dc0   0x000002d0   Code   RO          177    .text.moveGripper   joint_control.o
    0x08004090   0x08004090   0x00000074   Code   RO           22    .text.openGripper   gripper_control.o
    0x08004104   0x08004104   0x000000e4   Code   RO          189    .text.runState      robotic_arm.o
    0x080041e8   0x080041e8   0x00000018   Code   RO          208    .text.sendData      uart_pi.o
    0x08004200   0x08004200   0x00000060   Code   RO           36    .text.setMotorPosition  servo_motor.o
    0x08004260   0x08004260   0x00000024   Code   RO          191    .text.updateState   robotic_arm.o
    0x08004284   0x08004284   0x00000030   Code   RO         1576    i.__ARM_fpclassify  m_wm.l(fpclassify.o)
    0x080042b4   0x080042b4   0x00000004   PAD
    0x080042b8   0x080042b8   0x000002d8   Code   RO         1487    i.__hardfp_atan     m_wm.l(atan.o)
    0x08004590   0x08004590   0x00000200   Code   RO         1363    i.__hardfp_atan2    m_wm.l(atan2.o)
    0x08004790   0x08004790   0x000000c8   Code   RO         1369    i.__hardfp_cos      m_wm.l(cos.o)
    0x08004858   0x08004858   0x000000c8   Code   RO         1375    i.__hardfp_sin      m_wm.l(sin.o)
    0x08004920   0x08004920   0x0000007a   Code   RO         1381    i.__hardfp_sqrt     m_wm.l(sqrt.o)
    0x0800499a   0x0800499a   0x00000006   PAD
    0x080049a0   0x080049a0   0x00000438   Code   RO         1518    i.__ieee754_rem_pio2  m_wm.l(rred.o)
    0x08004dd8   0x08004dd8   0x00000170   Code   RO         1494    i.__kernel_cos      m_wm.l(cos_i.o)
    0x08004f48   0x08004f48   0x000000f8   Code   RO         1578    i.__kernel_poly     m_wm.l(poly.o)
    0x08005040   0x08005040   0x00000130   Code   RO         1523    i.__kernel_sin      m_wm.l(sin_i.o)
    0x08005170   0x08005170   0x00000014   Code   RO         1498    i.__mathlib_dbl_infnan  m_wm.l(dunder.o)
    0x08005184   0x08005184   0x00000014   Code   RO         1499    i.__mathlib_dbl_infnan2  m_wm.l(dunder.o)
    0x08005198   0x08005198   0x00000020   Code   RO         1500    i.__mathlib_dbl_invalid  m_wm.l(dunder.o)
    0x080051b8   0x080051b8   0x00000020   Code   RO         1503    i.__mathlib_dbl_underflow  m_wm.l(dunder.o)
    0x080051d8   0x080051d8   0x00000010   Code   RO         1489    i.atan              m_wm.l(atan.o)
    0x080051e8   0x080051e8   0x00000018   Code   RO         1513    i.fabs              m_wm.l(fabs.o)
    0x08005200   0x08005200   0x00000018   Code   RO         1476    x$fpl$basic         fz_wm.l(basic.o)
    0x08005218   0x08005218   0x00000150   Code   RO         1341    x$fpl$dadd          fz_wm.l(daddsub_clz.o)
    0x08005368   0x08005368   0x00000018   Code   RO         1572    x$fpl$dcmpinf       fz_wm.l(dcmpi.o)
    0x08005380   0x08005380   0x000002b8   Code   RO         1348    x$fpl$ddiv          fz_wm.l(ddiv.o)
    0x08005638   0x08005638   0x00000078   Code   RO         1478    x$fpl$deqf          fz_wm.l(deqf.o)
    0x080056b0   0x080056b0   0x0000005e   Code   RO         1351    x$fpl$dfix          fz_wm.l(dfix.o)
    0x0800570e   0x0800570e   0x0000002e   Code   RO         1356    x$fpl$dflt          fz_wm.l(dflt_clz.o)
    0x0800573c   0x0800573c   0x00000026   Code   RO         1355    x$fpl$dfltu         fz_wm.l(dflt_clz.o)
    0x08005762   0x08005762   0x00000002   PAD
    0x08005764   0x08005764   0x00000154   Code   RO         1361    x$fpl$dmul          fz_wm.l(dmul.o)
    0x080058b8   0x080058b8   0x0000009c   Code   RO         1480    x$fpl$dnaninf       fz_wm.l(dnaninf.o)
    0x08005954   0x08005954   0x0000000c   Code   RO         1482    x$fpl$dretinf       fz_wm.l(dretinf.o)
    0x08005960   0x08005960   0x00000016   Code   RO         1342    x$fpl$drsb          fz_wm.l(daddsub_clz.o)
    0x08005976   0x08005976   0x00000002   PAD
    0x08005978   0x08005978   0x00000198   Code   RO         1484    x$fpl$dsqrt         fz_wm.l(dsqrt_umaal.o)
    0x08005b10   0x08005b10   0x000001dc   Code   RO         1343    x$fpl$dsub          fz_wm.l(daddsub_clz.o)
    0x08005cec   0x08005cec   0x0000001a   Code   RO         1574    x$fpl$fpinit        fz_wm.l(fpinit.o)
    0x08005d06   0x08005d06   0x00000000   Code   RO         1486    x$fpl$usenofp       fz_wm.l(usenofp.o)
    0x08005d06   0x08005d06   0x00000002   PAD
    0x08005d08   0x08005d08   0x00000098   Data   RO         1490    .constdata          m_wm.l(atan.o)
    0x08005da0   0x08005da0   0x00000030   Data   RO         1495    .constdata          m_wm.l(cos_i.o)
    0x08005dd0   0x08005dd0   0x00000008   Data   RO         1517    .constdata          m_wm.l(qnan.o)
    0x08005dd8   0x08005dd8   0x000000cc   Data   RO         1520    .constdata          m_wm.l(rred.o)
    0x08005ea4   0x08005ea4   0x00000004   PAD
    0x08005ea8   0x08005ea8   0x00000028   Data   RO         1524    .constdata          m_wm.l(sin_i.o)
    0x08005ed0   0x08005ed0   0x00000010   Data   RO         1266    .rodata.AHBPrescTable  system_stm32f4xx.o
    0x08005ee0   0x08005ee0   0x00000008   Data   RO         1267    .rodata.APBPrescTable  system_stm32f4xx.o
    0x08005ee8   0x08005ee8   0x00000008   Data   RO          505    .rodata.cst8        stm32f4xx_hal_dma.o
    0x08005ef0   0x08005ef0   0x00000020   Data   RO         1672    Region$$Table       anon$$obj.o


    Execution Region RW_IRAM2 (Exec base: 0x10000000, Load base: 0x08005f20, Size: 0x00000000, Max: 0x00010000, ABSOLUTE)

    **** No section assigned to this execution region ****


    Execution Region RW_IRAM1 (Exec base: 0x20000000, Load base: 0x08005f10, Size: 0x000008e0, Max: 0x00030000, ABSOLUTE)

    Exec Addr    Load Addr    Size         Type   Attr      Idx    E Section Name        Object

    0x20000000   0x08005f10   0x00000008   Data   RW          693    .data..L_MergedGlobals  stm32f4xx_hal.o
    0x20000008   0x08005f18   0x00000004   Data   RW         1265    .data.SystemCoreClock  system_stm32f4xx.o
    0x2000000c   0x08005f1c   0x00000004   PAD
    0x20000010        -       0x00000060   Zero   RW         1531    .bss                c_w.l(libspace.o)
    0x20000070        -       0x00000058   Zero   RW           65    .bss..L_MergedGlobals  main.o
    0x200000c8        -       0x00000004   Zero   RW          166    .bss.base_speed     base_control.o
    0x200000cc        -       0x00000048   Zero   RW           60    .bss.hadc1          main.o
    0x20000114        -       0x00000060   Zero   RW           63    .bss.hdma_adc1      main.o
    0x20000174        -       0x00000048   Zero   RW           58    .bss.htim1          main.o
    0x200001bc        -       0x00000048   Zero   RW           59    .bss.htim2          main.o
    0x20000204        -       0x00000048   Zero   RW          151    .bss.htim6          stm32f4xx_hal_timebase_tim.o
    0x2000024c        -       0x00000048   Zero   RW           61    .bss.huart5         main.o
    0x20000294        -       0x00000048   Zero   RW           62    .bss.huart7         main.o
    0x200002dc        -       0x00000004   Zero   RW          692    .bss.uwTick         stm32f4xx_hal.o
    0x200002e0        -       0x00000200   Zero   RW            2    HEAP                startup_stm32f429xx.o
    0x200004e0        -       0x00000400   Zero   RW            1    STACK               startup_stm32f429xx.o


==============================================================================

Image component sizes


      Code (inc. data)   RO Data    RW Data    ZI Data      Debug   Object Name

       142          0          0          0          4       5919   base_control.o
         8          0          0          0          0       3362   force_sensor.o
       262          0          0          0          0       6686   gripper_control.o
       782         56          0          0          0       6362   joint_control.o
      2296          0          0          0        544      19018   main.o
       396          8          0          0          0       8658   robotic_arm.o
        96         16          0          0          0       4183   servo_motor.o
        64         26        428          0       1536        868   startup_stm32f429xx.o
       132          0          0          8          4       7751   stm32f4xx_hal.o
      1276          0          0          0          0      12346   stm32f4xx_hal_adc.o
       152          0          0          0          0      10930   stm32f4xx_hal_cortex.o
        46          0          0          0          0       3584   stm32f4xx_hal_crc.o
      1146          6          8          0          0      10579   stm32f4xx_hal_dma.o
       568          0          0          0          0      17832   stm32f4xx_hal_dma2d.o
       440          0          0          0          0       5442   stm32f4xx_hal_gpio.o
       886          0          0          0          0      14135   stm32f4xx_hal_msp.o
      1542          0          0          0          0       7539   stm32f4xx_hal_rcc.o
      2248          6          0          0          0      57385   stm32f4xx_hal_tim.o
       266          0          0          0          0      21532   stm32f4xx_hal_tim_ex.o
       178          0          0          0         72       7506   stm32f4xx_hal_timebase_tim.o
      2136          0          0          0          0      32189   stm32f4xx_hal_uart.o
       102          0          0          0          0       7485   stm32f4xx_it.o
        18          0         24          4          0       2739   system_stm32f4xx.o
        58          0          0          0          0       4085   uart_pi.o

    ----------------------------------------------------------------------
     15360        118        492         12       2164     278115   Object Totals
         0          0         32          0          0          0   (incl. Generated)
       120          0          0          0          4          0   (incl. Padding)

    ----------------------------------------------------------------------

      Code (inc. data)   RO Data    RW Data    ZI Data      Debug   Library Member Name

         8          0          0          0          0         68   __main.o
         0          0          0          0          0          0   __rtentry.o
        12          0          0          0          0          0   __rtentry2.o
         6          0          0          0          0          0   __rtentry4.o
        94          8          0          0          0          0   __scatter.o
        26          0          0          0          0          0   __scatter_copy.o
        28          0          0          0          0          0   __scatter_zi.o
        22          0          0          0          0        100   _rserrno.o
        10          0          0          0          0         68   defsig_exit.o
        50          0          0          0          0         88   defsig_general.o
        80         58          0          0          0         76   defsig_rtmem_inner.o
        14          0          0          0          0         80   defsig_rtmem_outer.o
        18          0          0          0          0         80   exit.o
        94          0          0          0          0         80   h1_alloc.o
        52          0          0          0          0         68   h1_extend.o
        78          0          0          0          0         80   h1_free.o
        12          0          0          0          0         84   h1_init.o
         6          0          0          0          0        152   heapauxi.o
         4          0          0          0          0        136   hguard.o
         0          0          0          0          0          0   indicate_semi.o
       138          0          0          0          0        168   init_alloc.o
         2          0          0          0          0          0   libinit.o
        14          0          0          0          0          0   libinit2.o
         2          0          0          0          0          0   libshutdown.o
         2          0          0          0          0          0   libshutdown2.o
         8          4          0          0         96         68   libspace.o
       240          0          0          0          0        100   lludivv7m.o
         0          0          0          0          0          0   maybetermalloc1.o
         8          4          0          0          0         68   rt_errno_addr_intlibspace.o
         8          4          0          0          0         68   rt_heap_descriptor_intlibspace.o
        78          0          0          0          0         80   rt_memclr_w.o
         2          0          0          0          0          0   rtexit.o
        10          0          0          0          0          0   rtexit2.o
        12          4          0          0          0         68   sys_exit.o
        74          0          0          0          0         80   sys_stackheap_outer.o
        14          0          0          0          0         76   sys_wrch.o
         2          0          0          0          0         68   use_no_semi.o
        24          0          0          0          0        164   basic.o
       834         16          0          0          0        516   daddsub_clz.o
        24          0          0          0          0        116   dcmpi.o
       696        140          0          0          0        264   ddiv.o
       120          4          0          0          0        140   deqf.o
        94          4          0          0          0        140   dfix.o
        84          0          0          0          0        232   dflt_clz.o
       340         12          0          0          0        152   dmul.o
       156          4          0          0          0        140   dnaninf.o
        12          0          0          0          0        116   dretinf.o
       408         56          0          0          0        168   dsqrt_umaal.o
        26          0          0          0          0        116   fpinit.o
         0          0          0          0          0          0   usenofp.o
       744        106        152          0          0        352   atan.o
       512         64          0          0          0        208   atan2.o
       200         20          0          0          0        164   cos.o
       368         46         48          0          0        200   cos_i.o
       104         16          0          0          0        496   dunder.o
        24          0          0          0          0        124   fabs.o
        48          0          0          0          0        124   fpclassify.o
       248          0          0          0          0        152   poly.o
         0          0          8          0          0          0   qnan.o
      1080        142        204          0          0        188   rred.o
       200         20          0          0          0        164   sin.o
       304         24         40          0          0        208   sin_i.o
       122          0          0          0          0        148   sqrt.o

    ----------------------------------------------------------------------
      8028        756        456          0         96       6796   Library Totals
        28          0          4          0          0          0   (incl. Padding)

    ----------------------------------------------------------------------

      Code (inc. data)   RO Data    RW Data    ZI Data      Debug   Library Name

      1228         82          0          0         96       2004   c_w.l
      2818        236          0          0          0       2264   fz_wm.l
      3954        438        452          0          0       2528   m_wm.l

    ----------------------------------------------------------------------
      8028        756        456          0         96       6796   Library Totals

    ----------------------------------------------------------------------

==============================================================================


      Code (inc. data)   RO Data    RW Data    ZI Data      Debug   

     23388        874        948         12       2260     280599   Grand Totals
     23388        874        948         12       2260     280599   ELF Image Totals
     23388        874        948         12          0          0   ROM Totals

==============================================================================

    Total RO  Size (Code + RO Data)                24336 (  23.77kB)
    Total RW  Size (RW Data + ZI Data)              2272 (   2.22kB)
    Total ROM Size (Code + RO Data + RW Data)      24348 (  23.78kB)

==============================================================================

